
[2026-08-23T20:54:02Z] run shared_trap1_disk mode=disk out=benchmark/results/session1a_20260823T205242Z_shared_trap1_disk
preflight ok: tx cores=1 2 isolated_cores=1,5,2,6,3,7 smt=on
preflight ok: rx cores=3 5 isolated_cores=1,5,2,6,3,7 smt=on
confirmed: rx_1 receiver pid
confirmed: rx_1 receiver alive
confirmed: rx_1 udp bind port 9210
confirmed: rx_1 output shm
confirmed: rx_1 consumer pid
confirmed: rx_1 consumer alive
confirmed: producer pid
confirmed: sender pid
exited: sender
exited: producer
exited: rx_1 receiver
exited: rx_1 consumer
cleanup attempted: tx sender on 44.214.16.201
cleanup attempted: tx producer on 44.214.16.201
cleanup attempted: rx_1 consumer on 44.214.16.201
cleanup attempted: rx_1 receiver on 44.214.16.201
row_type                                       config repeat run_order_index receiver   rate  count sample_count p9999_grade warmup skip_warmup wall_clock_received_rate achieved_rate received expected dropped drop_rate consumer_lapped sender_lapped  p50  p99  p99_9     max ramp_ratio ramp_slope_ns saturation_triggers flags freeze_count
     run session1a_20260823T205242Z_shared_trap1_disk                   9210     rx_1 300000 300000       300000       False  20000       20000                  4426.37        300031   300000   300000       0         0               0               3244 6183 537744 1097564   0.991419    0.00935333                        OK             

[2026-08-23T20:55:22Z] run shared_trap1_tmpfs mode=tmpfs out=benchmark/results/session1a_20260823T205242Z_shared_trap1_tmpfs
preflight ok: tx cores=1 2 isolated_cores=1,5,2,6,3,7 smt=on
preflight ok: rx cores=3 5 isolated_cores=1,5,2,6,3,7 smt=on
confirmed: rx_1 receiver pid
confirmed: rx_1 receiver alive
confirmed: rx_1 udp bind port 9220
confirmed: rx_1 output shm
confirmed: rx_1 consumer pid
confirmed: rx_1 consumer alive
confirmed: producer pid
confirmed: sender pid
exited: sender
exited: producer
exited: rx_1 receiver
exited: rx_1 consumer
cleanup attempted: tx sender on 44.214.16.201
cleanup attempted: tx producer on 44.214.16.201
cleanup attempted: rx_1 consumer on 44.214.16.201
cleanup attempted: rx_1 receiver on 44.214.16.201
row_type                                        config repeat run_order_index receiver   rate  count sample_count p9999_grade warmup skip_warmup wall_clock_received_rate achieved_rate received expected dropped drop_rate consumer_lapped sender_lapped  p50  p99  p99_9     max ramp_ratio ramp_slope_ns saturation_triggers flags freeze_count
     run session1a_20260823T205242Z_shared_trap1_tmpfs                   9220     rx_1 300000 300000       300000       False  20000       20000                  4254.53        300031   300000   300000       0         0               0               3202 6296 558687 1104492    0.99347    0.00969603                        OK             

[2026-08-23T20:56:46Z] run shared_trap1_none mode=none out=benchmark/results/session1a_20260823T205242Z_shared_trap1_none
preflight ok: tx cores=1 2 isolated_cores=1,5,2,6,3,7 smt=on
preflight ok: rx cores=3 5 isolated_cores=1,5,2,6,3,7 smt=on
confirmed: rx_1 receiver pid
confirmed: rx_1 receiver alive
confirmed: rx_1 udp bind port 9230
confirmed: rx_1 output shm
confirmed: rx_1 consumer pid
confirmed: rx_1 consumer alive
confirmed: producer pid
confirmed: sender pid
exited: sender
exited: producer
exited: rx_1 receiver
exited: rx_1 consumer
cleanup attempted: tx sender on 44.214.16.201
cleanup attempted: tx producer on 44.214.16.201
cleanup attempted: rx_1 consumer on 44.214.16.201
cleanup attempted: rx_1 receiver on 44.214.16.201

[2026-08-23T21:00:48Z] shared trap1 none consumer metrics
consumer: lapped 0 times
---- delivery metrics ----
received     : 320000
expected     : 320000
dropped      : 0
drop_rate    : 0.0000%
latency (ns) : min=2522 mean=4645 max=1108475
  p01        : 2735
  p50        : 3190
  p99        : 6471
  p99.9      : 528495
  p99.99     : 1044602
sender: in_shm=/fanout_in_run_20260823T205646Z_27435 slots=65536 targets=1 count=320000 from_edge=false sndbuf=67108864 repeat=1 batch_size=32 batch_timeout_us=50 fec_k=0 fec_timeout_us=200 test_drop_pct=0.000000 test_reorder_pct=0.000000 test_reorder_delay_us=0 test_seed=1 orderbook_size=576 worst_datagram=595
sender: sent=320000 packets=320000 lapped=0 sendmmsg_calls=316912 send_calls=0 max_sendmmsg_batch=32 fec_parity_sent=0 fec_closed_by_k=0 fec_closed_by_timeout=0 fec_closed_by_flush=0 fec_data_bytes=102400128 fec_parity_bytes=0 fec_overhead_pct=0.000000 fec_arrival_p50_ns=3335 fec_arrival_p99_ns=3834 fec_arrival_max_ns=1093914 test_dropped=0 test_reordered=0
receiver: out_shm=/fanout_out_1_run_20260823T205646Z_27435 slots=65536 bind=0.0.0.0:9230 count=320000 rcvbuf=67108864 batch_size=32 dedupe=true dedupe_window=65536 fec_gens=64
receiver: received=320000 published=320000 rejected=0 accepted=320000 duplicates=0 too_old=0 lost_confirmed=0 window_slides=0 max_reorder_depth=0 receiver_seq_jump_raw=0 old_duplicates=0 fec_parity_received=0 fec_recovered=0 fec_late_recovered_too_old=0 fec_unrecoverable_gens=0 fec_recovered_by_k=0 fec_recovered_by_timeout=0 fec_recovered_by_flush=0 fec_recovery_p50_ns=0 fec_recovery_p99_ns=0 fec_recovery_p999_ns=0 fec_recovery_p9999_ns=0 fec_recovery_max_ns=0 fec_recovery_by_k_p50_ns=0 fec_recovery_by_k_p99_ns=0 fec_recovery_by_k_p999_ns=0 fec_recovery_by_k_p9999_ns=0 fec_recovery_by_k_max_ns=0 fec_recovery_by_timeout_p50_ns=0 fec_recovery_by_timeout_p99_ns=0 fec_recovery_by_timeout_p999_ns=0 fec_recovery_by_timeout_p9999_ns=0 fec_recovery_by_timeout_max_ns=0 fec_recovery_by_flush_p50_ns=0 fec_recovery_by_flush_p99_ns=0 fec_recovery_by_flush_p999_ns=0 fec_recovery_by_flush_p9999_ns=0 fec_recovery_by_flush_max_ns=0
