+ aws ec2 describe-instances --region us-east-1 --filters Name=tag:Session,Values=session1a Name=instance-state-name,Values=pending,running,stopping,stopped --query 'Reservations[].Instances[].InstanceId' --output json
[]
+ aws ec2 describe-instances --region us-east-1 --filters Name=tag:Project,Values=spectral-ec2-pass Name=instance-state-name,Values=pending,running,stopping,stopped --query 'Reservations[].Instances[].InstanceId' --output json
[]
+ aws ec2 describe-volumes --region us-east-1 --filters Name=tag:Session,Values=session1a Name=status,Values=creating,available,in-use --query 'Volumes[].VolumeId' --output json
[]
+ aws ec2 describe-network-interfaces --region us-east-1 --filters Name=tag:Session,Values=session1a --query 'NetworkInterfaces[].NetworkInterfaceId' --output json
[]
++ aws ec2 describe-vpcs --region us-east-1 --filters Name=is-default,Values=true --query 'Vpcs[0].VpcId' --output text
+ VPC=vpc-0a7ba3916c416733f
++ aws ec2 describe-security-groups --region us-east-1 --filters Name=group-name,Values=spectral-ec2-pass-sg Name=vpc-id,Values=vpc-0a7ba3916c416733f --query 'SecurityGroups[0].GroupId' --output text
+ SG=sg-0ecf5abe4028d8cbc
+ '[' sg-0ecf5abe4028d8cbc '!=' None ']'
+ '[' -n sg-0ecf5abe4028d8cbc ']'
+ aws ec2 delete-security-group --region us-east-1 --group-id sg-0ecf5abe4028d8cbc
{
    "Return": true,
    "GroupId": "sg-0ecf5abe4028d8cbc"
}
+ aws ec2 describe-security-groups --region us-east-1 --filters Name=group-name,Values=spectral-ec2-pass-sg Name=vpc-id,Values=vpc-0a7ba3916c416733f --query 'SecurityGroups[].GroupId' --output json
[]
+ aws ec2 describe-placement-groups --region us-east-1 --query 'PlacementGroups[?starts_with(GroupName, `spectral-ec2-pass`)].{Name:GroupName,Strategy:Strategy,State:State,Id:GroupId}' --output json
[
    {
        "Name": "spectral-ec2-pass-cluster",
        "Strategy": "cluster",
        "State": "available",
        "Id": "pg-0dc67b835fdc4fc8c"
    },
    {
        "Name": "spectral-ec2-pass-precision-time-session1a",
        "Strategy": "precision-time",
        "State": "available",
        "Id": "pg-0023021523452f198"
    }
]
