Part 1 FEC default fix

changed: harness/src/sender.cpp Config::fec_k default is now 0.
meaning: default sender sends raw frames with no FEC envelope and no parity datagrams.

byte-identical verification:
source: commit 5dc3d3c sender copied shm frame bytes into batch.frames and sent batch.frames[i].data() with batch.lengths[i].
source: current sender with cfg.fec_k == 0 increments fec_data_bytes by len and calls emit_datagram(frame, len), which calls direct_send(data, len). No fec::data_datagram call is made and no envelope is prefixed.
runtime: raw default smoke without --fec-k passed. Sender startup printed fec_k=0. Sender exit printed fec_parity_sent=0, fec_data_bytes=319872, fec_parity_bytes=0, fec_overhead_pct=0.000000. Receiver printed received=1000, published=1000, fec_parity_received=0, fec_recovered=0.
limitation: this verifies datagram payload path by source and raw receiver behavior. It does not pcap-compare old and new binaries byte by byte because the pre-FEC binary was not preserved.

receiver no-parity verification:
command log: reports/fix_pass/diagnostics/raw_default_1k_retry/commands.log
sender/receiver output:
sender: in_shm=/fix_raw_default_retry_in slots=65536 targets=1 count=1000 from_edge=false sndbuf=4194304 repeat=1 fec_k=0 fec_timeout_us=200 test_drop_pct=0.000000 test_reorder_pct=0.000000 test_reorder_delay_us=0 test_seed=1 orderbook_size=576 worst_datagram=594
sender: sent=1000 packets=1000 lapped=0 fec_parity_sent=0 fec_closed_by_k=0 fec_closed_by_timeout=0 fec_closed_by_flush=0 fec_data_bytes=319872 fec_parity_bytes=0 fec_overhead_pct=0.000000 fec_arrival_p50_ns=2524 fec_arrival_p99_ns=138061 fec_arrival_max_ns=4257903 test_dropped=0 test_reordered=0
receiver: out_shm=/fix_raw_default_retry_out slots=65536 bind=0.0.0.0:9432 count=0 rcvbuf=4194304 batch_size=32 dedupe=true dedupe_window=65536 fec_gens=64
receiver: received=1000 published=1000 rejected=0 accepted=1000 duplicates=0 too_old=0 lost_confirmed=0 window_slides=0 max_reorder_depth=0 old_duplicates=0 fec_parity_received=0 fec_recovered=0 fec_unrecoverable_gens=0 fec_recovery_p50_ns=0 fec_recovery_p99_ns=0 fec_recovery_max_ns=0
receiver=0
producer=0
sender=0

explicit --fec-k 0 smoke output:
sender: in_shm=/fix_raw_fec0_100k_rerun_in slots=65536 targets=1 count=20000 from_edge=false sndbuf=4194304 repeat=1 fec_k=0 fec_timeout_us=200 test_drop_pct=0.000000 test_reorder_pct=0.000000 test_reorder_delay_us=0 test_seed=1 orderbook_size=576 worst_datagram=594
sender: sent=20000 packets=20000 lapped=0 fec_parity_sent=0 fec_closed_by_k=0 fec_closed_by_timeout=0 fec_closed_by_flush=0 fec_data_bytes=6400128 fec_parity_bytes=0 fec_overhead_pct=0.000000 fec_arrival_p50_ns=9962 fec_arrival_p99_ns=25707 fec_arrival_max_ns=1421504 test_dropped=0 test_reordered=0
receiver: out_shm=/fix_raw_fec0_100k_rerun_out slots=65536 bind=0.0.0.0:9411 count=0 rcvbuf=4194304 batch_size=32 dedupe=true dedupe_window=65536 fec_gens=64
receiver: received=20000 published=20000 rejected=0 accepted=20000 duplicates=0 too_old=0 lost_confirmed=0 window_slides=0 max_reorder_depth=0 old_duplicates=0 fec_parity_received=0 fec_recovered=0 fec_unrecoverable_gens=0 fec_recovery_p50_ns=0 fec_recovery_p99_ns=0 fec_recovery_max_ns=0
receiver=0
producer=0
sender=0


unit test:
command: make -C harness && make -C harness test
result: PASS
unit output included test_fec_disabled_raw_stream OK and ALL TESTS PASSED

new test: test_fec_disabled_raw_stream feeds raw frames to fec::Decoder and asserts parity_received=0 and recovered=0.

other default or default-behavior changes versus commit 5dc3d3c:
1. receiver now enables sliding-window dedupe by default. Old receiver used last_seq gating. This changes behavior for reordered packets, but it fixes a correctness bug. I do not recommend reverting it; keep --dedupe-disable for A/B.
2. sender no longer exposes or uses the old default batching path: --batch-size default 32 and --batch-timeout-us default 50 existed in 5dc3d3c. Current sender sends datagrams one at a time through direct_send. This can change syscall rate and timing even when FEC is off. I recommend restoring raw batching or preserving equivalent batching for --fec-k 0 if exact baseline behavior matters.
3. new sender instrumentation defaults are inert: --test-drop-pct=0, --test-reorder-pct=0, --test-reorder-delay-us=0, --test-seed=1. No revert recommended.
4. receiver has new --fec-gens default 64. It only affects FEC envelopes; raw frames pass through because fec::Decoder publishes unknown magic/raw datagrams. No revert recommended.
