Part 2 FEC timeout diagnosis

instrumentation added:
sender counters: fec_closed_by_k, fec_closed_by_timeout, fec_closed_by_flush, fec_data_bytes, fec_parity_bytes, fec_overhead_pct, fec_arrival_p50_ns, fec_arrival_p99_ns, fec_arrival_max_ns.

before timeout logic fix:
diagnostic fec8_100k_500k_rerun
commands:
receiver: harness/bin/receiver --out-shm /fix_fec8_100k_500k_rerun_out --slots 65536 --port 9412 --idle-ms 10000
producer: harness/bin/producer --shm /fix_fec8_100k_500k_rerun_in --slots 65536 --count 500000 --rate 100000 --type mixed
sender: harness/bin/sender --in-shm /fix_fec8_100k_500k_rerun_in --slots 65536 --count 500000 --host 127.0.0.1 --port 9412 --fec-k 8

sender:
sender: in_shm=/fix_fec8_100k_500k_rerun_in slots=65536 targets=1 count=500000 from_edge=false sndbuf=4194304 repeat=1 fec_k=8 fec_timeout_us=200 test_drop_pct=0.000000 test_reorder_pct=0.000000 test_reorder_delay_us=0 test_seed=1 orderbook_size=576 worst_datagram=594
sender: sent=500000 packets=901548 lapped=0 fec_parity_sent=401548 fec_closed_by_k=10769 fec_closed_by_timeout=390778 fec_closed_by_flush=1 fec_data_bytes=168000128 fec_parity_bytes=140493912 fec_overhead_pct=83.627265 fec_arrival_p50_ns=9953 fec_arrival_p99_ns=33010 fec_arrival_max_ns=9834034 test_dropped=0 test_reordered=0

receiver:
receiver: out_shm=/fix_fec8_100k_500k_rerun_out slots=65536 bind=0.0.0.0:9412 count=0 rcvbuf=4194304 batch_size=32 dedupe=true dedupe_window=65536 fec_gens=64
receiver: received=900453 published=499055 rejected=0 accepted=499055 duplicates=0 too_old=0 lost_confirmed=29 window_slides=29 max_reorder_depth=65535 old_duplicates=0 fec_parity_received=401399 fec_recovered=1 fec_unrecoverable_gens=0 fec_recovery_p50_ns=0 fec_recovery_p99_ns=0 fec_recovery_max_ns=0

exit_codes:
receiver=0
producer=0
sender=0


before diagnosis:
At 100000 msg/s, k=8, count=500000, sender emitted fec_parity_sent=401548 with fec_closed_by_timeout=390778. Expected full generations are about 500000 / 8 = 62500. The p50 inter-frame interval was 9953 ns and p99 was 33010 ns, so the FEC stage was generally being fed near the nominal 10 us cadence and should have reached k in about 80 us.

root cause:
The timeout was applied incorrectly. The sender closed a partial generation in the kEmpty branch on any transient empty shm read, without checking fec_timeout_ns. Since the producer is rate-limited, the ring is commonly empty between nominal 10 us arrivals. Those empties were counted as timeout closures even though 200 us had not elapsed. This is case (a), timeout applied incorrectly. Evidence: after removing that unconditional kEmpty close, 100k parity fell near sent / 8 and closed_by_k dominated.

fixed diagnostic 100000:
diagnostic fec8_100k_500k_fixed
commands:
receiver: harness/bin/receiver --out-shm /fix_fec8_100k_500k_fixed_out --slots 65536 --port 9422 --idle-ms 10000
producer: harness/bin/producer --shm /fix_fec8_100k_500k_fixed_in --slots 65536 --count 500000 --rate 100000 --type mixed
sender: harness/bin/sender --in-shm /fix_fec8_100k_500k_fixed_in --slots 65536 --count 500000 --host 127.0.0.1 --port 9422 --fec-k 8

sender:
sender: in_shm=/fix_fec8_100k_500k_fixed_in slots=65536 targets=1 count=500000 from_edge=false sndbuf=4194304 repeat=1 fec_k=8 fec_timeout_us=200 test_drop_pct=0.000000 test_reorder_pct=0.000000 test_reorder_delay_us=0 test_seed=1 orderbook_size=576 worst_datagram=594
sender: sent=494247 packets=556240 lapped=482 fec_parity_sent=61993 fec_closed_by_k=61568 fec_closed_by_timeout=425 fec_closed_by_flush=0 fec_data_bytes=166058160 fec_parity_bytes=36801570 fec_overhead_pct=22.161856 fec_arrival_p50_ns=2559 fec_arrival_p99_ns=14027 fec_arrival_max_ns=76337519 test_dropped=0 test_reordered=0

receiver:
receiver: out_shm=/fix_fec8_100k_500k_fixed_out slots=65536 bind=0.0.0.0:9422 count=0 rcvbuf=4194304 batch_size=32 dedupe=true dedupe_window=65536 fec_gens=64
receiver: received=364129 published=323537 rejected=0 accepted=323537 duplicates=2 too_old=0 lost_confirmed=154148 window_slides=86186 max_reorder_depth=65535 old_duplicates=0 fec_parity_received=40613 fec_recovered=23 fec_unrecoverable_gens=186 fec_recovery_p50_ns=12441 fec_recovery_p99_ns=47281 fec_recovery_max_ns=47281

exit_codes:
receiver=0
producer=0
sender=0


fixed diagnostic 300000:
diagnostic fec8_300k_500k_fixed
commands:
receiver: harness/bin/receiver --out-shm /fix_fec8_300k_500k_fixed_out --slots 65536 --port 9423 --idle-ms 10000
producer: harness/bin/producer --shm /fix_fec8_300k_500k_fixed_in --slots 65536 --count 500000 --rate 300000 --type mixed
sender: harness/bin/sender --in-shm /fix_fec8_300k_500k_fixed_in --slots 65536 --count 500000 --host 127.0.0.1 --port 9423 --fec-k 8

sender:
sender: in_shm=/fix_fec8_300k_500k_fixed_in slots=65536 targets=1 count=500000 from_edge=false sndbuf=4194304 repeat=1 fec_k=8 fec_timeout_us=200 test_drop_pct=0.000000 test_reorder_pct=0.000000 test_reorder_delay_us=0 test_seed=1 orderbook_size=576 worst_datagram=594
sender: sent=120984 packets=136169 lapped=2681 fec_parity_sent=15185 fec_closed_by_k=15067 fec_closed_by_timeout=118 fec_closed_by_flush=0 fec_data_bytes=40599168 fec_parity_bytes=9002994 fec_overhead_pct=22.175316 fec_arrival_p50_ns=2480 fec_arrival_p99_ns=13287 fec_arrival_max_ns=98000056 test_dropped=0 test_reordered=0

receiver:
receiver: out_shm=/fix_fec8_300k_500k_fixed_out slots=65536 bind=0.0.0.0:9423 count=0 rcvbuf=4194304 batch_size=32 dedupe=true dedupe_window=65536 fec_gens=64
receiver: received=105603 published=93824 rejected=0 accepted=93824 duplicates=1 too_old=0 lost_confirmed=381075 window_slides=16861 max_reorder_depth=65535 old_duplicates=0 fec_parity_received=11784 fec_recovered=6 fec_unrecoverable_gens=30 fec_recovery_p50_ns=2893 fec_recovery_p99_ns=97663 fec_recovery_max_ns=97663

exit_codes:
receiver=0
producer=0
sender=0


summary table after fix:
rate,count,sent,parity,closed_by_k,closed_by_timeout,arrival_p50_ns,arrival_p99_ns,data_bytes,parity_bytes,overhead_pct
100000,500000,494247,61993,61568,425,2559,14027,166058160,36801570,22.161856
300000,500000,120984,15185,15067,118,2480,13287,40599168,9002994,22.175316

interpretation:
100000: parity is now close to sent / 8. 494247 / 8 = 61780.875; observed parity=61993. Remaining timeout closures=425, explained by occasional long inter-frame stalls shown by max interval 76337519 ns.
300000: sender was starved/lapped under WSL2 loopback. It sent only 120984 of requested 500000 and lapped 2681 times. Despite starvation, parity is still close to sent / 8: 120984 / 8 = 15123; observed parity=15185.

parity bytes / data bytes:
100000 fixed: 36801570 / 166058160 * 100 = 22.161856%.
300000 fixed: 9002994 / 40599168 * 100 = 22.175316%.

not tuned:
--fec-timeout-us stayed 200. The fix changed when the existing timeout is applied, not the timeout value.
