Part 4 cleanup proposal

No files were deleted.

path: benchmark/results/offline_de/20260821T195522Z
why useless or confusing: generated WSL2 loopback diagnostic tree is ignored, very large, includes NOT_RUN cases and raw latency binaries. It is not submission-ready and could confuse a grader if copied manually.
risk of deleting: loses detailed offline evidence behind reports/offline_de/04_impairment.log. Low if reports are sufficient; medium if you want raw auditability.

path: reports/offline_de/04_impairment.log and reports/offline_de/05_final_report.md
why useless or confusing: documents pre-fix FEC default and pre-fix timeout behavior. Now partly superseded by reports/fix_pass.
risk of deleting: medium. They are tracked audit history. Better keep but add a top-level final report later that supersedes both.

path: reports/fix_pass/diagnostics/fec8_100k_500k and reports/fix_pass/diagnostics/raw_fec0_100k
why useless or confusing: failed diagnostic attempts with Connection refused.
risk of deleting: low. The rerun directories contain successful evidence.

path: reports/fix_pass/diagnostics/fec8_100k_500k_rerun
why useless or confusing: intentionally captures pre-timeout-fix inflated parity behavior. Useful for diagnosis, but confusing if read as final performance.
risk of deleting: medium. It is the clearest before-fix evidence for the root cause.

path: reports/fix_pass/diagnostics/raw_default_100k
why useless or confusing: failed default smoke with Connection refused.
risk of deleting: low. raw_default_1k_retry supersedes it.

path: root summary.csv
why useless or confusing: ignored root CSV with unclear provenance; notebook-facing data should live under a curated final results directory.
risk of deleting: medium. It may be the only current summary table outside ignored benchmark/results. Check analysis.ipynb references before removing.

path: reports/handoff/stage_7.md
why useless or confusing: may be superseded by stage_7_corrected.md.
risk of deleting: medium. It is tracked history; removing it may discard context unless corrected report fully replaces it.

path: reports/handoff/stage_7_baseline.md
why useless or confusing: baseline report may be redundant if final write-up includes baseline tables.
risk of deleting: medium. Baseline context can be useful to graders.

path: reports/handoff/stage_7_corrected.md
why useless or confusing: older stage-specific report may duplicate final write-up once created.
risk of deleting: medium. Keep until final submission report exists.

path: reports/handoff/cleanup.md and reports/handoff/cleanup_debt.md
why useless or confusing: ignored handoff cleanup notes, not tracked, likely internal.
risk of deleting: low if their content has been incorporated elsewhere; read before deleting.

path: harness/bin/
why useless or confusing: ignored build outputs should not be submitted.
risk of deleting: low. Recreated by make.

path: sender old batching removal in harness/src/sender.cpp
why useless or confusing: not dead code, but the lack of old --batch-size/--batch-timeout-us path changes baseline behavior and may confuse comparisons to 5dc3d3c.
risk of deleting: not applicable. Consider restoring batching for raw --fec-k 0 instead of deleting.

path: reports/fix_pass/diagnostics
why useless or confusing: raw diagnostic logs are useful for this pass but not polished submission artifacts.
risk of deleting: medium before commit review, low after summaries are copied into final reports.
