Batching regression audit and fix

Baseline inspected: 5dc3d3c:harness/src/sender.cpp
Regression found before this pass: harness/src/sender.cpp had removed the sender Batch helper, --batch-size, --batch-timeout-us, and sendmmsg batching. It used direct_send with one send() per datagram.
Fix applied in this pass: restored --batch-size default 32 and --batch-timeout-us default 50, restored sendmmsg batching, and routed raw data frames plus FEC parity/data datagrams through the same batcher.

Current code evidence
- harness/src/sender.cpp:40 batch_size default 32
- harness/src/sender.cpp:41 batch_timeout_us default 50
- harness/src/sender.cpp:124 parses --batch-size
- harness/src/sender.cpp:125 parses --batch-timeout-us
- harness/src/sender.cpp:216 calls sendmmsg
- harness/src/sender.cpp:225 increments sendmmsg_calls
- harness/src/sender.cpp:429 prints sendmmsg_calls, send_calls, max_sendmmsg_batch

Throughput probe setup
- WSL2 loopback, current repo, 700000 producer messages at 700000 msg/s, 65536 slots, receiver present, no benchmark/results writes.
- Throughput below is requested_count / sender wall time. Sender sent count is also reported because WSL saturation/lapping means the sender may not read all 700000 frames.

5dc3d3c sender compiled in /tmp
rep  throughput_msg_s  sender_sent  sender_lapped
1    113878            577425       8017
2    114201            551819       8785
3    114740            672071       3178
average throughput_msg_s: 114273

Pre-fix HEAD one-send path
rep  throughput_msg_s  sender_sent  sender_lapped
1    104654            351481       168689
2    112557            458507       152140
3    112908            347859       129882
average throughput_msg_s: 110039

Post-fix repaired sender
rep  throughput_msg_s  sender_sent  sender_lapped  sendmmsg_calls  send_calls  max_sendmmsg_batch
1    112748            475685       12178          14899           0           32
2    112056            480485       11382          15050           0           32
3    113252            577725       8545           18083           0           32
average throughput_msg_s: 112685

Conclusion
The repaired sender restores the same batching mechanism as 5dc3d3c and empirically uses sendmmsg with max batch size 32 and send_calls=0. The WSL2 loopback throughput probe remains saturated and should not be treated as an EC2 performance result, but it shows the one-send regression was real and that the repaired path behaves close to the baseline path under the same local conditions.

Raw byte identity check
- Built 5dc3d3c sender in /tmp.
- Ran 5dc3d3c sender and repaired sender concurrently against the same live shared-memory producer stream.
- Captured 128 UDP datagrams from each sender.
- cmp result: same_shm_cmp_rc=0.
- SHA-256 old: 50546dd390fd9d4018218ed4f417b43fed98541dbf805d9c30f53f14463ddf8e
- SHA-256 new: 50546dd390fd9d4018218ed4f417b43fed98541dbf805d9c30f53f14463ddf8e
- Repaired sender capture: datagrams=128 fec_magic_datagrams=0

Verification
make -C harness clean: PASS
make -C harness: PASS
make -C harness test: PASS
