Functional diff from 5dc3d3c to current worktree

Files changed or added
.gitignore: now ignores zip files and harness/bin, and uses a final-results exception scheme for benchmark/results/final CSV/JSON/MD while keeping raw outputs ignored.
benchmark/summarize.py: modified in the worktree before this pass; left unstaged and not audited as part of this pass.
benchmark/sweep_rate.sh: modified in the worktree before this pass; left unstaged and not audited as part of this pass.
harness/include/dedupe_window.h: new sliding-window receiver dedupe implementation and counters.
harness/include/fec.h: new XOR FEC encoder/decoder, envelope format, and recovery counters.
harness/src/receiver.cpp: adds FEC envelope decoding, sliding-window dedupe by default, --dedupe-disable compatibility path, dedupe/FEC counters, and keeps recvmmsg batching.
harness/src/sender.cpp: adds seeded impairment injector, optional FEC envelope/parity, FEC timeout and counters, restored sendmmsg batching, and restored --batch-size/--batch-timeout-us defaults.
harness/test/test_harness.cpp: adds dedupe and FEC unit tests, including raw no-FEC stream, duplicate suppression, delayed delivery, single-loss recovery, multi-loss unrecoverable, and out-of-order FEC recovery.
reports/offline_de/*: offline audit and correctness evidence logs from prior pass.
reports/fix_pass/*: fix and readiness logs plus small diagnostic logs.

Sender CLI flags in 5dc3d3c and current defaults
--in-shm /fanout_ring unchanged
--slots 1024 unchanged
--host 127.0.0.1 unchanged
--port 9000 unchanged
--dst none by default unchanged; may be passed multiple times
--count 0 unchanged
--from-edge false unchanged
--idle-ms 2000 unchanged
--sndbuf 4194304 unchanged
--repeat 1 unchanged
--batch-size 32 restored in this pass
--batch-timeout-us 50 restored in this pass
--fec-k 0 new; FEC is off by default
--fec-timeout-us 200 new; inert unless --fec-k is nonzero
--test-drop-pct 0.0 new; inert by default
--test-reorder-pct 0.0 new; inert by default
--test-reorder-delay-us 0 new; inert by default
--test-seed 1 new; inert unless an injector flag is nonzero

Receiver CLI flags in 5dc3d3c and current defaults
--out-shm /fanout_ring_out unchanged
--slots 1024 unchanged
--bind 0.0.0.0 unchanged
--port 9000 unchanged
--count 0 unchanged
--idle-ms 2000 unchanged
--rcvbuf 4194304 unchanged
--batch-size 32 unchanged
--dedupe-window 65536 new; active by default
--dedupe-disable false new; restores old seq_id > last_seq acceptance rule
--fec-gens 64 new; decoder generation slots

Default behavior changes when no new flags are passed
Sender: raw datagram bytes are unchanged from 5dc3d3c when --fec-k is 0 or omitted. The same-SHM capture comparison produced identical SHA-256 for 128 datagrams and zero FEC magic datagrams. FEC is off by default. The impairment injector is off by default. The sendmmsg batching defaults are restored to 5dc3d3c.
Receiver: dedupe is active by default. This changes behavior for reordered frames versus 5dc3d3c: reordered frames within the dedupe window can be accepted instead of counted as old duplicates. Passing --dedupe-disable restores the old last_seq path in receiver.cpp lines 149-156.
