Submission readiness

Git status before final commit
main is ahead of origin/main by 5 commits before this pass commit.
Pre-existing unstaged edits preserved and not staged by this pass: benchmark/summarize.py and benchmark/sweep_rate.sh.
Current intended worktree changes before commit: .gitignore, harness/src/sender.cpp, reports/fix_pass/05_batching.log through reports/fix_pass/12_submission_readiness.log, and small diagnostic logs under reports/fix_pass/.

Remote
origin points to git@gitlab.spectral.tech:midhilesh-1790/task.git for fetch and push.
git ls-remote --heads origin main succeeded with commit 5dc3d3ccca4339952785b9dc17712eee045d703b.
No push was performed.

Notebook and write-up
analysis.ipynb is tracked and shows no diff versus 5dc3d3c in this probe.
Markdown/write-up-like files present: README.md, README_en.md, harness/README.md, how_to_submit_solution.md, how_to_submit_solution_en.md, reports/baseline_shared_memory.md, reports/offline_de/05_final_report.md, and tracked reports/handoff/stage_7*.md.
A final notebook-readable result dataset under benchmark/results/final/ is ABSENT today. The new .gitignore scheme will allow CSV/JSON/MD there, but no such files currently exist.

Reports submission behavior
reports/offline_de/ is not ignored and its tracked files will reach the grader.
reports/fix_pass/ is not ignored and committed pass logs will reach the grader.
reports/handoff/ is ignored, but already tracked files under reports/handoff/ still reach the grader unless removed in a later reviewed cleanup.
Root summary.csv is ignored by .gitignore rule *.csv and is not staged. It will not reach the grader unless force-added or moved into an allowed final results path.

Ignored/generated artifacts
harness/bin/ is ignored. The clean build recreated local binaries, but they are not tracked.
*.zip is ignored.
benchmark/results raw directories remain ignored. The exception scheme allows benchmark/results/final CSV/JSON/MD only.

Validation in this pass
make -C harness clean: PASS
make -C harness: PASS
make -C harness test: PASS
Byte identity for --fec-k 0 against 5dc3d3c same-SHM sender capture: PASS
Default receiver no-parity stream: PASS
FEC timeout diagnostic at 100000 msg/s, k=8: PASS as a diagnostic; not a final performance benchmark
FEC timeout diagnostic at 300000 msg/s, k=8: PASS as a diagnostic, but WSL saturation/lapping means not a final performance benchmark

Honest gaps
EC2 two-host performance and latency results are ABSENT from this pass.
Multi-destination --dst fan-out test is ABSENT.
FEC recovery p99.9 is ABSENT.
Direct measurement of timeout-added latency is ABSENT.
Final published benchmark/results/final data files are ABSENT.
