Script started on 2026-08-24 09:32:35+00:00 [COMMAND="ssh -i /home/midhilesh/.ssh/spectral-key.pem -o BatchMode=yes -o UserKnownHostsFile=/tmp/session2_known_hosts ubuntu@54.91.135.23 'cd task && env ISOLATED_PHYSICAL_CORES=2 bash infra/bootstrap.sh env/session2'" <not executed on terminal>]
Hit:1 http://us-east-1.ec2.archive.ubuntu.com/ubuntu noble InRelease
Get:2 http://us-east-1.ec2.archive.ubuntu.com/ubuntu noble-updates InRelease [126 kB]
Get:3 http://us-east-1.ec2.archive.ubuntu.com/ubuntu noble-backports InRelease [126 kB]
Get:4 http://us-east-1.ec2.archive.ubuntu.com/ubuntu noble/universe amd64 Packages [15.0 MB]
Get:5 http://security.ubuntu.com/ubuntu noble-security InRelease [126 kB]
Get:6 http://us-east-1.ec2.archive.ubuntu.com/ubuntu noble/universe Translation-en [5982 kB]
Get:7 http://us-east-1.ec2.archive.ubuntu.com/ubuntu noble/universe amd64 Components [3871 kB]
Get:8 http://us-east-1.ec2.archive.ubuntu.com/ubuntu noble/universe amd64 c-n-f Metadata [301 kB]
Get:9 http://us-east-1.ec2.archive.ubuntu.com/ubuntu noble/multiverse amd64 Packages [269 kB]
Get:10 http://us-east-1.ec2.archive.ubuntu.com/ubuntu noble/multiverse Translation-en [118 kB]
Get:11 http://us-east-1.ec2.archive.ubuntu.com/ubuntu noble/multiverse amd64 Components [35.0 kB]
Get:12 http://security.ubuntu.com/ubuntu noble-security/main amd64 Packages [967 kB]
Get:13 http://us-east-1.ec2.archive.ubuntu.com/ubuntu noble/multiverse amd64 c-n-f Metadata [8328 B]
Get:14 http://us-east-1.ec2.archive.ubuntu.com/ubuntu noble-updates/main amd64 Packages [1227 kB]
Get:15 http://us-east-1.ec2.archive.ubuntu.com/ubuntu noble-updates/main Translation-en [286 kB]
Get:16 http://us-east-1.ec2.archive.ubuntu.com/ubuntu noble-updates/main amd64 Components [181 kB]
Get:17 http://us-east-1.ec2.archive.ubuntu.com/ubuntu noble-updates/universe amd64 Packages [1687 kB]
Get:18 http://us-east-1.ec2.archive.ubuntu.com/ubuntu noble-updates/universe Translation-en [337 kB]
Get:19 http://us-east-1.ec2.archive.ubuntu.com/ubuntu noble-updates/universe amd64 Components [388 kB]
Get:20 http://security.ubuntu.com/ubuntu noble-security/main Translation-en [205 kB]
Get:21 http://us-east-1.ec2.archive.ubuntu.com/ubuntu noble-updates/universe amd64 c-n-f Metadata [34.9 kB]
Get:22 http://us-east-1.ec2.archive.ubuntu.com/ubuntu noble-updates/restricted amd64 Packages [1483 kB]
Get:23 http://security.ubuntu.com/ubuntu noble-security/main amd64 Components [46.4 kB]
Get:24 http://us-east-1.ec2.archive.ubuntu.com/ubuntu noble-updates/restricted Translation-en [339 kB]
Get:25 http://us-east-1.ec2.archive.ubuntu.com/ubuntu noble-updates/multiverse amd64 Packages [45.4 kB]
Get:26 http://security.ubuntu.com/ubuntu noble-security/universe amd64 Packages [1201 kB]
Get:27 http://us-east-1.ec2.archive.ubuntu.com/ubuntu noble-updates/multiverse Translation-en [12.8 kB]
Get:28 http://us-east-1.ec2.archive.ubuntu.com/ubuntu noble-updates/multiverse amd64 Components [940 B]
Get:29 http://us-east-1.ec2.archive.ubuntu.com/ubuntu noble-updates/multiverse amd64 c-n-f Metadata [656 B]
Get:30 http://us-east-1.ec2.archive.ubuntu.com/ubuntu noble-backports/main amd64 Packages [40.6 kB]
Get:31 http://us-east-1.ec2.archive.ubuntu.com/ubuntu noble-backports/main Translation-en [9172 B]
Get:32 http://us-east-1.ec2.archive.ubuntu.com/ubuntu noble-backports/main amd64 Components [5768 B]
Get:33 http://us-east-1.ec2.archive.ubuntu.com/ubuntu noble-backports/main amd64 c-n-f Metadata [368 B]
Get:34 http://security.ubuntu.com/ubuntu noble-security/universe Translation-en [240 kB]
Get:35 http://us-east-1.ec2.archive.ubuntu.com/ubuntu noble-backports/universe amd64 Packages [31.0 kB]
Get:36 http://us-east-1.ec2.archive.ubuntu.com/ubuntu noble-backports/universe Translation-en [18.6 kB]
Get:37 http://us-east-1.ec2.archive.ubuntu.com/ubuntu noble-backports/universe amd64 Components [12.6 kB]
Get:38 http://us-east-1.ec2.archive.ubuntu.com/ubuntu noble-backports/universe amd64 c-n-f Metadata [1588 B]
Get:39 http://security.ubuntu.com/ubuntu noble-security/universe amd64 Components [76.3 kB]
Get:40 http://us-east-1.ec2.archive.ubuntu.com/ubuntu noble-backports/restricted amd64 Components [212 B]
Get:41 http://us-east-1.ec2.archive.ubuntu.com/ubuntu noble-backports/restricted amd64 c-n-f Metadata [116 B]
Get:42 http://us-east-1.ec2.archive.ubuntu.com/ubuntu noble-backports/multiverse amd64 Packages [748 B]
Get:43 http://us-east-1.ec2.archive.ubuntu.com/ubuntu noble-backports/multiverse Translation-en [340 B]
Get:44 http://us-east-1.ec2.archive.ubuntu.com/ubuntu noble-backports/multiverse amd64 Components [212 B]
Get:45 http://us-east-1.ec2.archive.ubuntu.com/ubuntu noble-backports/multiverse amd64 c-n-f Metadata [116 B]
Get:46 http://security.ubuntu.com/ubuntu noble-security/universe amd64 c-n-f Metadata [24.2 kB]
Get:47 http://security.ubuntu.com/ubuntu noble-security/restricted amd64 Packages [1385 kB]
Get:48 http://security.ubuntu.com/ubuntu noble-security/restricted Translation-en [320 kB]
Get:49 http://security.ubuntu.com/ubuntu noble-security/multiverse amd64 Packages [40.3 kB]
Get:50 http://security.ubuntu.com/ubuntu noble-security/multiverse Translation-en [10.9 kB]
Get:51 http://security.ubuntu.com/ubuntu noble-security/multiverse amd64 Components [208 B]
Get:52 http://security.ubuntu.com/ubuntu noble-security/multiverse amd64 c-n-f Metadata [468 B]
Fetched 36.7 MB in 3s (13.7 MB/s)
Reading package lists...
Reading package lists...
Building dependency tree...
Reading state information...
chrony is already the newest version (4.5-1ubuntu4.2).
ethtool is already the newest version (1:6.7-1build1).
ethtool set to manually installed.
numactl is already the newest version (2.0.18-1ubuntu0.24.04.1).
numactl set to manually installed.
iproute2 is already the newest version (6.1.0-1ubuntu6.4).
iproute2 set to manually installed.
jq is already the newest version (1.7.1-3ubuntu0.24.04.2).
jq set to manually installed.
git is already the newest version (1:2.43.0-1ubuntu7.3).
git set to manually installed.
The following additional packages will be installed:
  binutils binutils-common binutils-x86-64-linux-gnu bzip2 cpp cpp-13
  cpp-13-x86-64-linux-gnu cpp-x86-64-linux-gnu dpkg-dev fakeroot
  fontconfig-config fonts-dejavu-core fonts-dejavu-mono g++ g++-13
  g++-13-x86-64-linux-gnu g++-x86-64-linux-gnu gcc gcc-13 gcc-13-base
  gcc-13-x86-64-linux-gnu gcc-x86-64-linux-gnu javascript-common
  libalgorithm-diff-perl libalgorithm-diff-xs-perl libalgorithm-merge-perl
  libaom3 libasan8 libatomic1 libbinutils libc-bin libc-dev-bin libc-devtools
  libc6 libc6-dev libcc1-0 libcrypt-dev libctf-nobfd0 libctf0 libdeflate0
  libdpkg-perl libexpat1-dev libfakeroot libfile-fcntllock-perl libfontconfig1
  libgcc-13-dev libgd3 libgomp1 libgprofng0 libheif-plugin-aomdec
  libheif-plugin-aomenc libheif1 libhwasan0 libisl23 libitm1 libjbig0
  libjpeg-turbo8 libjpeg8 libjs-jquery libjs-sphinxdoc libjs-underscore
  liblerc4 liblsan0 libmpc3 libpython3-dev libpython3.12-dev libquadmath0
  libsframe1 libsharpyuv0 libstdc++-13-dev libtiff6 libtsan2 libubsan1
  libwebp7 libxpm4 linux-libc-dev locales lto-disabled-list make manpages-dev
  python3-dev python3-wheel python3.12-dev rpcsvc-proto zlib1g-dev
Suggested packages:
  binutils-doc gprofng-gui bzip2-doc cpp-doc gcc-13-locales cpp-13-doc
  debian-keyring g++-multilib g++-13-multilib gcc-13-doc gcc-multilib autoconf
  automake libtool flex bison gdb gcc-doc gcc-13-multilib gdb-x86-64-linux-gnu
  apache2 | lighttpd | httpd glibc-doc libnss-nis libnss-nisplus bzr
  libgd-tools libheif-plugin-libde265 libheif-plugin-x265
  libheif-plugin-ffmpegdec libheif-plugin-jpegdec libheif-plugin-jpegenc
  libheif-plugin-j2kdec libheif-plugin-j2kenc libheif-plugin-rav1e
  libheif-plugin-svtenc libstdc++-13-doc make-doc
The following NEW packages will be installed:
  binutils binutils-common binutils-x86-64-linux-gnu build-essential bzip2 cpp
  cpp-13 cpp-13-x86-64-linux-gnu cpp-x86-64-linux-gnu dpkg-dev fakeroot
  fontconfig-config fonts-dejavu-core fonts-dejavu-mono g++ g++-13
  g++-13-x86-64-linux-gnu g++-x86-64-linux-gnu gcc gcc-13 gcc-13-base
  gcc-13-x86-64-linux-gnu gcc-x86-64-linux-gnu javascript-common
  libalgorithm-diff-perl libalgorithm-diff-xs-perl libalgorithm-merge-perl
  libaom3 libasan8 libatomic1 libbinutils libc-dev-bin libc-devtools libc6-dev
  libcc1-0 libcrypt-dev libctf-nobfd0 libctf0 libdeflate0 libdpkg-perl
  libexpat1-dev libfakeroot libfile-fcntllock-perl libfontconfig1
  libgcc-13-dev libgd3 libgomp1 libgprofng0 libheif-plugin-aomdec
  libheif-plugin-aomenc libheif1 libhwasan0 libisl23 libitm1 libjbig0
  libjpeg-turbo8 libjpeg8 libjs-jquery libjs-sphinxdoc libjs-underscore
  liblerc4 liblsan0 libmpc3 libpython3-dev libpython3.12-dev libquadmath0
  libsframe1 libsharpyuv0 libstdc++-13-dev libtiff6 libtsan2 libubsan1
  libwebp7 libxpm4 linux-libc-dev linuxptp lto-disabled-list make manpages-dev
  python3-dev python3-pip python3-wheel python3.12-dev rpcsvc-proto zlib1g-dev
The following packages will be upgraded:
  libc-bin libc6 linux-tools-common locales
4 upgraded, 85 newly installed, 0 to remove and 59 not upgraded.
Need to get 95.5 MB of archives.
After this operation, 310 MB of additional disk space will be used.
Get:1 http://us-east-1.ec2.archive.ubuntu.com/ubuntu noble-updates/main amd64 libc6 amd64 2.39-0ubuntu8.8 [3262 kB]
Get:2 http://us-east-1.ec2.archive.ubuntu.com/ubuntu noble-updates/main amd64 libc-bin amd64 2.39-0ubuntu8.8 [682 kB]
Get:3 http://us-east-1.ec2.archive.ubuntu.com/ubuntu noble-updates/main amd64 locales all 2.39-0ubuntu8.8 [4231 kB]
Get:4 http://us-east-1.ec2.archive.ubuntu.com/ubuntu noble-updates/main amd64 binutils-common amd64 2.42-4ubuntu2.10 [240 kB]
Get:5 http://us-east-1.ec2.archive.ubuntu.com/ubuntu noble-updates/main amd64 libsframe1 amd64 2.42-4ubuntu2.10 [15.7 kB]
Get:6 http://us-east-1.ec2.archive.ubuntu.com/ubuntu noble-updates/main amd64 libbinutils amd64 2.42-4ubuntu2.10 [577 kB]
Get:7 http://us-east-1.ec2.archive.ubuntu.com/ubuntu noble-updates/main amd64 libctf-nobfd0 amd64 2.42-4ubuntu2.10 [98.0 kB]
Get:8 http://us-east-1.ec2.archive.ubuntu.com/ubuntu noble-updates/main amd64 libctf0 amd64 2.42-4ubuntu2.10 [94.5 kB]
Get:9 http://us-east-1.ec2.archive.ubuntu.com/ubuntu noble-updates/main amd64 libgprofng0 amd64 2.42-4ubuntu2.10 [849 kB]
Get:10 http://us-east-1.ec2.archive.ubuntu.com/ubuntu noble-updates/main amd64 binutils-x86-64-linux-gnu amd64 2.42-4ubuntu2.10 [2463 kB]
Get:11 http://us-east-1.ec2.archive.ubuntu.com/ubuntu noble-updates/main amd64 binutils amd64 2.42-4ubuntu2.10 [18.2 kB]
Get:12 http://us-east-1.ec2.archive.ubuntu.com/ubuntu noble-updates/main amd64 libc-dev-bin amd64 2.39-0ubuntu8.8 [20.4 kB]
Get:13 http://us-east-1.ec2.archive.ubuntu.com/ubuntu noble-updates/main amd64 linux-libc-dev amd64 6.8.0-138.138 [1523 kB]
Get:14 http://us-east-1.ec2.archive.ubuntu.com/ubuntu noble/main amd64 libcrypt-dev amd64 1:4.4.36-4build1 [112 kB]
Get:15 http://us-east-1.ec2.archive.ubuntu.com/ubuntu noble/main amd64 rpcsvc-proto amd64 1.4.2-0ubuntu7 [67.4 kB]
Get:16 http://us-east-1.ec2.archive.ubuntu.com/ubuntu noble-updates/main amd64 libc6-dev amd64 2.39-0ubuntu8.8 [2125 kB]
Get:17 http://us-east-1.ec2.archive.ubuntu.com/ubuntu noble-updates/main amd64 gcc-13-base amd64 13.3.0-6ubuntu2~24.04.1 [51.6 kB]
Get:18 http://us-east-1.ec2.archive.ubuntu.com/ubuntu noble-updates/main amd64 libisl23 amd64 0.26-3build1.1 [680 kB]
Get:19 http://us-east-1.ec2.archive.ubuntu.com/ubuntu noble-updates/main amd64 libmpc3 amd64 1.3.1-1build1.1 [54.6 kB]
Get:20 http://us-east-1.ec2.archive.ubuntu.com/ubuntu noble-updates/main amd64 cpp-13-x86-64-linux-gnu amd64 13.3.0-6ubuntu2~24.04.1 [10.7 MB]
Get:21 http://us-east-1.ec2.archive.ubuntu.com/ubuntu noble-updates/main amd64 cpp-13 amd64 13.3.0-6ubuntu2~24.04.1 [1042 B]
Get:22 http://us-east-1.ec2.archive.ubuntu.com/ubuntu noble/main amd64 cpp-x86-64-linux-gnu amd64 4:13.2.0-7ubuntu1 [5326 B]
Get:23 http://us-east-1.ec2.archive.ubuntu.com/ubuntu noble/main amd64 cpp amd64 4:13.2.0-7ubuntu1 [22.4 kB]
Get:24 http://us-east-1.ec2.archive.ubuntu.com/ubuntu noble-updates/main amd64 libcc1-0 amd64 14.2.0-4ubuntu2~24.04.1 [48.0 kB]
Get:25 http://us-east-1.ec2.archive.ubuntu.com/ubuntu noble-updates/main amd64 libgomp1 amd64 14.2.0-4ubuntu2~24.04.1 [148 kB]
Get:26 http://us-east-1.ec2.archive.ubuntu.com/ubuntu noble-updates/main amd64 libitm1 amd64 14.2.0-4ubuntu2~24.04.1 [29.7 kB]
Get:27 http://us-east-1.ec2.archive.ubuntu.com/ubuntu noble-updates/main amd64 libatomic1 amd64 14.2.0-4ubuntu2~24.04.1 [10.5 kB]
Get:28 http://us-east-1.ec2.archive.ubuntu.com/ubuntu noble-updates/main amd64 libasan8 amd64 14.2.0-4ubuntu2~24.04.1 [3027 kB]
Get:29 http://us-east-1.ec2.archive.ubuntu.com/ubuntu noble-updates/main amd64 liblsan0 amd64 14.2.0-4ubuntu2~24.04.1 [1322 kB]
Get:30 http://us-east-1.ec2.archive.ubuntu.com/ubuntu noble-updates/main amd64 libtsan2 amd64 14.2.0-4ubuntu2~24.04.1 [2772 kB]
Get:31 http://us-east-1.ec2.archive.ubuntu.com/ubuntu noble-updates/main amd64 libubsan1 amd64 14.2.0-4ubuntu2~24.04.1 [1184 kB]
Get:32 http://us-east-1.ec2.archive.ubuntu.com/ubuntu noble-updates/main amd64 libhwasan0 amd64 14.2.0-4ubuntu2~24.04.1 [1641 kB]
Get:33 http://us-east-1.ec2.archive.ubuntu.com/ubuntu noble-updates/main amd64 libquadmath0 amd64 14.2.0-4ubuntu2~24.04.1 [153 kB]
Get:34 http://us-east-1.ec2.archive.ubuntu.com/ubuntu noble-updates/main amd64 libgcc-13-dev amd64 13.3.0-6ubuntu2~24.04.1 [2681 kB]
Get:35 http://us-east-1.ec2.archive.ubuntu.com/ubuntu noble-updates/main amd64 gcc-13-x86-64-linux-gnu amd64 13.3.0-6ubuntu2~24.04.1 [21.1 MB]
Get:36 http://us-east-1.ec2.archive.ubuntu.com/ubuntu noble-updates/main amd64 gcc-13 amd64 13.3.0-6ubuntu2~24.04.1 [494 kB]
Get:37 http://us-east-1.ec2.archive.ubuntu.com/ubuntu noble/main amd64 gcc-x86-64-linux-gnu amd64 4:13.2.0-7ubuntu1 [1212 B]
Get:38 http://us-east-1.ec2.archive.ubuntu.com/ubuntu noble/main amd64 gcc amd64 4:13.2.0-7ubuntu1 [5018 B]
Get:39 http://us-east-1.ec2.archive.ubuntu.com/ubuntu noble-updates/main amd64 libstdc++-13-dev amd64 13.3.0-6ubuntu2~24.04.1 [2420 kB]
Get:40 http://us-east-1.ec2.archive.ubuntu.com/ubuntu noble-updates/main amd64 g++-13-x86-64-linux-gnu amd64 13.3.0-6ubuntu2~24.04.1 [12.2 MB]
Get:41 http://us-east-1.ec2.archive.ubuntu.com/ubuntu noble-updates/main amd64 g++-13 amd64 13.3.0-6ubuntu2~24.04.1 [16.0 kB]
Get:42 http://us-east-1.ec2.archive.ubuntu.com/ubuntu noble/main amd64 g++-x86-64-linux-gnu amd64 4:13.2.0-7ubuntu1 [964 B]
Get:43 http://us-east-1.ec2.archive.ubuntu.com/ubuntu noble/main amd64 g++ amd64 4:13.2.0-7ubuntu1 [1100 B]
Get:44 http://us-east-1.ec2.archive.ubuntu.com/ubuntu noble/main amd64 make amd64 4.3-4.1build2 [180 kB]
Get:45 http://us-east-1.ec2.archive.ubuntu.com/ubuntu noble-updates/main amd64 libdpkg-perl all 1.22.6ubuntu6.6 [268 kB]
Get:46 http://us-east-1.ec2.archive.ubuntu.com/ubuntu noble-updates/main amd64 bzip2 amd64 1.0.8-5.1build0.1 [34.5 kB]
Get:47 http://us-east-1.ec2.archive.ubuntu.com/ubuntu noble/main amd64 lto-disabled-list all 47 [12.4 kB]
Get:48 http://us-east-1.ec2.archive.ubuntu.com/ubuntu noble-updates/main amd64 dpkg-dev all 1.22.6ubuntu6.6 [1074 kB]
Get:49 http://us-east-1.ec2.archive.ubuntu.com/ubuntu noble/main amd64 build-essential amd64 12.10ubuntu1 [4928 B]
Get:50 http://us-east-1.ec2.archive.ubuntu.com/ubuntu noble/main amd64 libfakeroot amd64 1.33-1 [32.4 kB]
Get:51 http://us-east-1.ec2.archive.ubuntu.com/ubuntu noble/main amd64 fakeroot amd64 1.33-1 [67.2 kB]
Get:52 http://us-east-1.ec2.archive.ubuntu.com/ubuntu noble/main amd64 fonts-dejavu-mono all 2.37-8 [502 kB]
Get:53 http://us-east-1.ec2.archive.ubuntu.com/ubuntu noble/main amd64 fonts-dejavu-core all 2.37-8 [835 kB]
Get:54 http://us-east-1.ec2.archive.ubuntu.com/ubuntu noble/main amd64 fontconfig-config amd64 2.15.0-1.1ubuntu2 [37.3 kB]
Get:55 http://us-east-1.ec2.archive.ubuntu.com/ubuntu noble/main amd64 javascript-common all 11+nmu1 [5936 B]
Get:56 http://us-east-1.ec2.archive.ubuntu.com/ubuntu noble/main amd64 libalgorithm-diff-perl all 1.201-1 [41.8 kB]
Get:57 http://us-east-1.ec2.archive.ubuntu.com/ubuntu noble/main amd64 libalgorithm-diff-xs-perl amd64 0.04-8build3 [11.2 kB]
Get:58 http://us-east-1.ec2.archive.ubuntu.com/ubuntu noble/main amd64 libalgorithm-merge-perl all 0.08-5 [11.4 kB]
Get:59 http://us-east-1.ec2.archive.ubuntu.com/ubuntu noble-updates/main amd64 libaom3 amd64 3.8.2-2ubuntu0.1 [1941 kB]
Get:60 http://us-east-1.ec2.archive.ubuntu.com/ubuntu noble/main amd64 libfontconfig1 amd64 2.15.0-1.1ubuntu2 [139 kB]
Get:61 http://us-east-1.ec2.archive.ubuntu.com/ubuntu noble/main amd64 libsharpyuv0 amd64 1.3.2-0.4build3 [15.8 kB]
Get:62 http://us-east-1.ec2.archive.ubuntu.com/ubuntu noble-updates/main amd64 libheif-plugin-aomdec amd64 1.17.6-1ubuntu4.7 [11.4 kB]
Get:63 http://us-east-1.ec2.archive.ubuntu.com/ubuntu noble-updates/main amd64 libheif1 amd64 1.17.6-1ubuntu4.7 [276 kB]
Get:64 http://us-east-1.ec2.archive.ubuntu.com/ubuntu noble/main amd64 libjpeg-turbo8 amd64 2.1.5-2ubuntu2 [150 kB]
Get:65 http://us-east-1.ec2.archive.ubuntu.com/ubuntu noble/main amd64 libjpeg8 amd64 8c-2ubuntu11 [2148 B]
Get:66 http://us-east-1.ec2.archive.ubuntu.com/ubuntu noble-updates/main amd64 libdeflate0 amd64 1.19-1build1.1 [43.9 kB]
Get:67 http://us-east-1.ec2.archive.ubuntu.com/ubuntu noble/main amd64 libjbig0 amd64 2.1-6.1ubuntu2 [29.7 kB]
Get:68 http://us-east-1.ec2.archive.ubuntu.com/ubuntu noble/main amd64 liblerc4 amd64 4.0.0+ds-4ubuntu2 [179 kB]
Get:69 http://us-east-1.ec2.archive.ubuntu.com/ubuntu noble/main amd64 libwebp7 amd64 1.3.2-0.4build3 [230 kB]
Get:70 http://us-east-1.ec2.archive.ubuntu.com/ubuntu noble-updates/main amd64 libtiff6 amd64 4.5.1+git230720-4ubuntu2.5 [200 kB]
Get:71 http://us-east-1.ec2.archive.ubuntu.com/ubuntu noble-updates/main amd64 libxpm4 amd64 1:3.5.17-1ubuntu0.24.04.1 [36.7 kB]
Get:72 http://us-east-1.ec2.archive.ubuntu.com/ubuntu noble/main amd64 libgd3 amd64 2.3.3-9ubuntu5 [128 kB]
Get:73 http://us-east-1.ec2.archive.ubuntu.com/ubuntu noble-updates/main amd64 libc-devtools amd64 2.39-0ubuntu8.8 [29.3 kB]
Get:74 http://us-east-1.ec2.archive.ubuntu.com/ubuntu noble-updates/main amd64 libexpat1-dev amd64 2.6.1-2ubuntu0.4 [140 kB]
Get:75 http://us-east-1.ec2.archive.ubuntu.com/ubuntu noble/main amd64 libfile-fcntllock-perl amd64 0.22-4ubuntu5 [30.7 kB]
Get:76 http://us-east-1.ec2.archive.ubuntu.com/ubuntu noble-updates/main amd64 libheif-plugin-aomenc amd64 1.17.6-1ubuntu4.7 [14.7 kB]
Get:77 http://us-east-1.ec2.archive.ubuntu.com/ubuntu noble/main amd64 libjs-jquery all 3.6.1+dfsg+~3.5.14-1 [328 kB]
Get:78 http://us-east-1.ec2.archive.ubuntu.com/ubuntu noble/main amd64 libjs-underscore all 1.13.4~dfsg+~1.11.4-3 [118 kB]
Get:79 http://us-east-1.ec2.archive.ubuntu.com/ubuntu noble/main amd64 libjs-sphinxdoc all 7.2.6-6 [149 kB]
Get:80 http://us-east-1.ec2.archive.ubuntu.com/ubuntu noble-updates/main amd64 zlib1g-dev amd64 1:1.3.dfsg-3.1ubuntu2.1 [894 kB]
Get:81 http://us-east-1.ec2.archive.ubuntu.com/ubuntu noble-updates/main amd64 libpython3.12-dev amd64 3.12.3-1ubuntu0.15 [5683 kB]
Get:82 http://us-east-1.ec2.archive.ubuntu.com/ubuntu noble-updates/main amd64 libpython3-dev amd64 3.12.3-0ubuntu2.1 [10.3 kB]
Get:83 http://us-east-1.ec2.archive.ubuntu.com/ubuntu noble-updates/main amd64 linux-tools-common all 6.8.0-138.138 [363 kB]
Get:84 http://us-east-1.ec2.archive.ubuntu.com/ubuntu noble-updates/universe amd64 linuxptp amd64 4.0-1ubuntu1.1 [224 kB]
Get:85 http://us-east-1.ec2.archive.ubuntu.com/ubuntu noble/main amd64 manpages-dev all 6.7-2 [2013 kB]
Get:86 http://us-east-1.ec2.archive.ubuntu.com/ubuntu noble-updates/main amd64 python3.12-dev amd64 3.12.3-1ubuntu0.15 [498 kB]
Get:87 http://us-east-1.ec2.archive.ubuntu.com/ubuntu noble-updates/main amd64 python3-dev amd64 3.12.3-0ubuntu2.1 [26.7 kB]
Get:88 http://us-east-1.ec2.archive.ubuntu.com/ubuntu noble/universe amd64 python3-wheel all 0.42.0-2 [53.1 kB]
Get:89 http://us-east-1.ec2.archive.ubuntu.com/ubuntu noble-updates/universe amd64 python3-pip all 24.0+dfsg-1ubuntu1.3 [1320 kB]
Preconfiguring packages ...
Fetched 95.5 MB in 1s (74.8 MB/s)
(Reading database ... (Reading database ... 5%(Reading database ... 10%(Reading database ... 15%(Reading database ... 20%(Reading database ... 25%(Reading database ... 30%(Reading database ... 35%(Reading database ... 40%(Reading database ... 45%(Reading database ... 50%(Reading database ... 55%(Reading database ... 60%(Reading database ... 65%(Reading database ... 70%(Reading database ... 75%(Reading database ... 80%(Reading database ... 85%(Reading database ... 90%(Reading database ... 95%(Reading database ... 100%(Reading database ... 72595 files and directories currently installed.)
Preparing to unpack .../libc6_2.39-0ubuntu8.8_amd64.deb ...
Unpacking libc6:amd64 (2.39-0ubuntu8.8) over (2.39-0ubuntu8.7) ...
Setting up libc6:amd64 (2.39-0ubuntu8.8) ...
(Reading database ... (Reading database ... 5%(Reading database ... 10%(Reading database ... 15%(Reading database ... 20%(Reading database ... 25%(Reading database ... 30%(Reading database ... 35%(Reading database ... 40%(Reading database ... 45%(Reading database ... 50%(Reading database ... 55%(Reading database ... 60%(Reading database ... 65%(Reading database ... 70%(Reading database ... 75%(Reading database ... 80%(Reading database ... 85%(Reading database ... 90%(Reading database ... 95%(Reading database ... 100%(Reading database ... 72595 files and directories currently installed.)
Preparing to unpack .../libc-bin_2.39-0ubuntu8.8_amd64.deb ...
Unpacking libc-bin (2.39-0ubuntu8.8) over (2.39-0ubuntu8.7) ...
Setting up libc-bin (2.39-0ubuntu8.8) ...
(Reading database ... (Reading database ... 5%(Reading database ... 10%(Reading database ... 15%(Reading database ... 20%(Reading database ... 25%(Reading database ... 30%(Reading database ... 35%(Reading database ... 40%(Reading database ... 45%(Reading database ... 50%(Reading database ... 55%(Reading database ... 60%(Reading database ... 65%(Reading database ... 70%(Reading database ... 75%(Reading database ... 80%(Reading database ... 85%(Reading database ... 90%(Reading database ... 95%(Reading database ... 100%(Reading database ... 72595 files and directories currently installed.)
Preparing to unpack .../00-locales_2.39-0ubuntu8.8_all.deb ...
Unpacking locales (2.39-0ubuntu8.8) over (2.39-0ubuntu8.7) ...
Selecting previously unselected package binutils-common:amd64.
Preparing to unpack .../01-binutils-common_2.42-4ubuntu2.10_amd64.deb ...
Unpacking binutils-common:amd64 (2.42-4ubuntu2.10) ...
Selecting previously unselected package libsframe1:amd64.
Preparing to unpack .../02-libsframe1_2.42-4ubuntu2.10_amd64.deb ...
Unpacking libsframe1:amd64 (2.42-4ubuntu2.10) ...
Selecting previously unselected package libbinutils:amd64.
Preparing to unpack .../03-libbinutils_2.42-4ubuntu2.10_amd64.deb ...
Unpacking libbinutils:amd64 (2.42-4ubuntu2.10) ...
Selecting previously unselected package libctf-nobfd0:amd64.
Preparing to unpack .../04-libctf-nobfd0_2.42-4ubuntu2.10_amd64.deb ...
Unpacking libctf-nobfd0:amd64 (2.42-4ubuntu2.10) ...
Selecting previously unselected package libctf0:amd64.
Preparing to unpack .../05-libctf0_2.42-4ubuntu2.10_amd64.deb ...
Unpacking libctf0:amd64 (2.42-4ubuntu2.10) ...
Selecting previously unselected package libgprofng0:amd64.
Preparing to unpack .../06-libgprofng0_2.42-4ubuntu2.10_amd64.deb ...
Unpacking libgprofng0:amd64 (2.42-4ubuntu2.10) ...
Selecting previously unselected package binutils-x86-64-linux-gnu.
Preparing to unpack .../07-binutils-x86-64-linux-gnu_2.42-4ubuntu2.10_amd64.deb ...
Unpacking binutils-x86-64-linux-gnu (2.42-4ubuntu2.10) ...
Selecting previously unselected package binutils.
Preparing to unpack .../08-binutils_2.42-4ubuntu2.10_amd64.deb ...
Unpacking binutils (2.42-4ubuntu2.10) ...
Selecting previously unselected package libc-dev-bin.
Preparing to unpack .../09-libc-dev-bin_2.39-0ubuntu8.8_amd64.deb ...
Unpacking libc-dev-bin (2.39-0ubuntu8.8) ...
Selecting previously unselected package linux-libc-dev:amd64.
Preparing to unpack .../10-linux-libc-dev_6.8.0-138.138_amd64.deb ...
Unpacking linux-libc-dev:amd64 (6.8.0-138.138) ...
Selecting previously unselected package libcrypt-dev:amd64.
Preparing to unpack .../11-libcrypt-dev_1%3a4.4.36-4build1_amd64.deb ...
Unpacking libcrypt-dev:amd64 (1:4.4.36-4build1) ...
Selecting previously unselected package rpcsvc-proto.
Preparing to unpack .../12-rpcsvc-proto_1.4.2-0ubuntu7_amd64.deb ...
Unpacking rpcsvc-proto (1.4.2-0ubuntu7) ...
Selecting previously unselected package libc6-dev:amd64.
Preparing to unpack .../13-libc6-dev_2.39-0ubuntu8.8_amd64.deb ...
Unpacking libc6-dev:amd64 (2.39-0ubuntu8.8) ...
Selecting previously unselected package gcc-13-base:amd64.
Preparing to unpack .../14-gcc-13-base_13.3.0-6ubuntu2~24.04.1_amd64.deb ...
Unpacking gcc-13-base:amd64 (13.3.0-6ubuntu2~24.04.1) ...
Selecting previously unselected package libisl23:amd64.
Preparing to unpack .../15-libisl23_0.26-3build1.1_amd64.deb ...
Unpacking libisl23:amd64 (0.26-3build1.1) ...
Selecting previously unselected package libmpc3:amd64.
Preparing to unpack .../16-libmpc3_1.3.1-1build1.1_amd64.deb ...
Unpacking libmpc3:amd64 (1.3.1-1build1.1) ...
Selecting previously unselected package cpp-13-x86-64-linux-gnu.
Preparing to unpack .../17-cpp-13-x86-64-linux-gnu_13.3.0-6ubuntu2~24.04.1_amd64.deb ...
Unpacking cpp-13-x86-64-linux-gnu (13.3.0-6ubuntu2~24.04.1) ...
Selecting previously unselected package cpp-13.
Preparing to unpack .../18-cpp-13_13.3.0-6ubuntu2~24.04.1_amd64.deb ...
Unpacking cpp-13 (13.3.0-6ubuntu2~24.04.1) ...
Selecting previously unselected package cpp-x86-64-linux-gnu.
Preparing to unpack .../19-cpp-x86-64-linux-gnu_4%3a13.2.0-7ubuntu1_amd64.deb ...
Unpacking cpp-x86-64-linux-gnu (4:13.2.0-7ubuntu1) ...
Selecting previously unselected package cpp.
Preparing to unpack .../20-cpp_4%3a13.2.0-7ubuntu1_amd64.deb ...
Unpacking cpp (4:13.2.0-7ubuntu1) ...
Selecting previously unselected package libcc1-0:amd64.
Preparing to unpack .../21-libcc1-0_14.2.0-4ubuntu2~24.04.1_amd64.deb ...
Unpacking libcc1-0:amd64 (14.2.0-4ubuntu2~24.04.1) ...
Selecting previously unselected package libgomp1:amd64.
Preparing to unpack .../22-libgomp1_14.2.0-4ubuntu2~24.04.1_amd64.deb ...
Unpacking libgomp1:amd64 (14.2.0-4ubuntu2~24.04.1) ...
Selecting previously unselected package libitm1:amd64.
Preparing to unpack .../23-libitm1_14.2.0-4ubuntu2~24.04.1_amd64.deb ...
Unpacking libitm1:amd64 (14.2.0-4ubuntu2~24.04.1) ...
Selecting previously unselected package libatomic1:amd64.
Preparing to unpack .../24-libatomic1_14.2.0-4ubuntu2~24.04.1_amd64.deb ...
Unpacking libatomic1:amd64 (14.2.0-4ubuntu2~24.04.1) ...
Selecting previously unselected package libasan8:amd64.
Preparing to unpack .../25-libasan8_14.2.0-4ubuntu2~24.04.1_amd64.deb ...
Unpacking libasan8:amd64 (14.2.0-4ubuntu2~24.04.1) ...
Selecting previously unselected package liblsan0:amd64.
Preparing to unpack .../26-liblsan0_14.2.0-4ubuntu2~24.04.1_amd64.deb ...
Unpacking liblsan0:amd64 (14.2.0-4ubuntu2~24.04.1) ...
Selecting previously unselected package libtsan2:amd64.
Preparing to unpack .../27-libtsan2_14.2.0-4ubuntu2~24.04.1_amd64.deb ...
Unpacking libtsan2:amd64 (14.2.0-4ubuntu2~24.04.1) ...
Selecting previously unselected package libubsan1:amd64.
Preparing to unpack .../28-libubsan1_14.2.0-4ubuntu2~24.04.1_amd64.deb ...
Unpacking libubsan1:amd64 (14.2.0-4ubuntu2~24.04.1) ...
Selecting previously unselected package libhwasan0:amd64.
Preparing to unpack .../29-libhwasan0_14.2.0-4ubuntu2~24.04.1_amd64.deb ...
Unpacking libhwasan0:amd64 (14.2.0-4ubuntu2~24.04.1) ...
Selecting previously unselected package libquadmath0:amd64.
Preparing to unpack .../30-libquadmath0_14.2.0-4ubuntu2~24.04.1_amd64.deb ...
Unpacking libquadmath0:amd64 (14.2.0-4ubuntu2~24.04.1) ...
Selecting previously unselected package libgcc-13-dev:amd64.
Preparing to unpack .../31-libgcc-13-dev_13.3.0-6ubuntu2~24.04.1_amd64.deb ...
Unpacking libgcc-13-dev:amd64 (13.3.0-6ubuntu2~24.04.1) ...
Selecting previously unselected package gcc-13-x86-64-linux-gnu.
Preparing to unpack .../32-gcc-13-x86-64-linux-gnu_13.3.0-6ubuntu2~24.04.1_amd64.deb ...
Unpacking gcc-13-x86-64-linux-gnu (13.3.0-6ubuntu2~24.04.1) ...
Selecting previously unselected package gcc-13.
Preparing to unpack .../33-gcc-13_13.3.0-6ubuntu2~24.04.1_amd64.deb ...
Unpacking gcc-13 (13.3.0-6ubuntu2~24.04.1) ...
Selecting previously unselected package gcc-x86-64-linux-gnu.
Preparing to unpack .../34-gcc-x86-64-linux-gnu_4%3a13.2.0-7ubuntu1_amd64.deb ...
Unpacking gcc-x86-64-linux-gnu (4:13.2.0-7ubuntu1) ...
Selecting previously unselected package gcc.
Preparing to unpack .../35-gcc_4%3a13.2.0-7ubuntu1_amd64.deb ...
Unpacking gcc (4:13.2.0-7ubuntu1) ...
Selecting previously unselected package libstdc++-13-dev:amd64.
Preparing to unpack .../36-libstdc++-13-dev_13.3.0-6ubuntu2~24.04.1_amd64.deb ...
Unpacking libstdc++-13-dev:amd64 (13.3.0-6ubuntu2~24.04.1) ...
Selecting previously unselected package g++-13-x86-64-linux-gnu.
Preparing to unpack .../37-g++-13-x86-64-linux-gnu_13.3.0-6ubuntu2~24.04.1_amd64.deb ...
Unpacking g++-13-x86-64-linux-gnu (13.3.0-6ubuntu2~24.04.1) ...
Selecting previously unselected package g++-13.
Preparing to unpack .../38-g++-13_13.3.0-6ubuntu2~24.04.1_amd64.deb ...
Unpacking g++-13 (13.3.0-6ubuntu2~24.04.1) ...
Selecting previously unselected package g++-x86-64-linux-gnu.
Preparing to unpack .../39-g++-x86-64-linux-gnu_4%3a13.2.0-7ubuntu1_amd64.deb ...
Unpacking g++-x86-64-linux-gnu (4:13.2.0-7ubuntu1) ...
Selecting previously unselected package g++.
Preparing to unpack .../40-g++_4%3a13.2.0-7ubuntu1_amd64.deb ...
Unpacking g++ (4:13.2.0-7ubuntu1) ...
Selecting previously unselected package make.
Preparing to unpack .../41-make_4.3-4.1build2_amd64.deb ...
Unpacking make (4.3-4.1build2) ...
Selecting previously unselected package libdpkg-perl.
Preparing to unpack .../42-libdpkg-perl_1.22.6ubuntu6.6_all.deb ...
Unpacking libdpkg-perl (1.22.6ubuntu6.6) ...
Selecting previously unselected package bzip2.
Preparing to unpack .../43-bzip2_1.0.8-5.1build0.1_amd64.deb ...
Unpacking bzip2 (1.0.8-5.1build0.1) ...
Selecting previously unselected package lto-disabled-list.
Preparing to unpack .../44-lto-disabled-list_47_all.deb ...
Unpacking lto-disabled-list (47) ...
Selecting previously unselected package dpkg-dev.
Preparing to unpack .../45-dpkg-dev_1.22.6ubuntu6.6_all.deb ...
Unpacking dpkg-dev (1.22.6ubuntu6.6) ...
Selecting previously unselected package build-essential.
Preparing to unpack .../46-build-essential_12.10ubuntu1_amd64.deb ...
Unpacking build-essential (12.10ubuntu1) ...
Selecting previously unselected package libfakeroot:amd64.
Preparing to unpack .../47-libfakeroot_1.33-1_amd64.deb ...
Unpacking libfakeroot:amd64 (1.33-1) ...
Selecting previously unselected package fakeroot.
Preparing to unpack .../48-fakeroot_1.33-1_amd64.deb ...
Unpacking fakeroot (1.33-1) ...
Selecting previously unselected package fonts-dejavu-mono.
Preparing to unpack .../49-fonts-dejavu-mono_2.37-8_all.deb ...
Unpacking fonts-dejavu-mono (2.37-8) ...
Selecting previously unselected package fonts-dejavu-core.
Preparing to unpack .../50-fonts-dejavu-core_2.37-8_all.deb ...
Unpacking fonts-dejavu-core (2.37-8) ...
Selecting previously unselected package fontconfig-config.
Preparing to unpack .../51-fontconfig-config_2.15.0-1.1ubuntu2_amd64.deb ...
Unpacking fontconfig-config (2.15.0-1.1ubuntu2) ...
Selecting previously unselected package javascript-common.
Preparing to unpack .../52-javascript-common_11+nmu1_all.deb ...
Unpacking javascript-common (11+nmu1) ...
Selecting previously unselected package libalgorithm-diff-perl.
Preparing to unpack .../53-libalgorithm-diff-perl_1.201-1_all.deb ...
Unpacking libalgorithm-diff-perl (1.201-1) ...
Selecting previously unselected package libalgorithm-diff-xs-perl:amd64.
Preparing to unpack .../54-libalgorithm-diff-xs-perl_0.04-8build3_amd64.deb ...
Unpacking libalgorithm-diff-xs-perl:amd64 (0.04-8build3) ...
Selecting previously unselected package libalgorithm-merge-perl.
Preparing to unpack .../55-libalgorithm-merge-perl_0.08-5_all.deb ...
Unpacking libalgorithm-merge-perl (0.08-5) ...
Selecting previously unselected package libaom3:amd64.
Preparing to unpack .../56-libaom3_3.8.2-2ubuntu0.1_amd64.deb ...
Unpacking libaom3:amd64 (3.8.2-2ubuntu0.1) ...
Selecting previously unselected package libfontconfig1:amd64.
Preparing to unpack .../57-libfontconfig1_2.15.0-1.1ubuntu2_amd64.deb ...
Unpacking libfontconfig1:amd64 (2.15.0-1.1ubuntu2) ...
Selecting previously unselected package libsharpyuv0:amd64.
Preparing to unpack .../58-libsharpyuv0_1.3.2-0.4build3_amd64.deb ...
Unpacking libsharpyuv0:amd64 (1.3.2-0.4build3) ...
Selecting previously unselected package libheif-plugin-aomdec:amd64.
Preparing to unpack .../59-libheif-plugin-aomdec_1.17.6-1ubuntu4.7_amd64.deb ...
Unpacking libheif-plugin-aomdec:amd64 (1.17.6-1ubuntu4.7) ...
Selecting previously unselected package libheif1:amd64.
Preparing to unpack .../60-libheif1_1.17.6-1ubuntu4.7_amd64.deb ...
Unpacking libheif1:amd64 (1.17.6-1ubuntu4.7) ...
Selecting previously unselected package libjpeg-turbo8:amd64.
Preparing to unpack .../61-libjpeg-turbo8_2.1.5-2ubuntu2_amd64.deb ...
Unpacking libjpeg-turbo8:amd64 (2.1.5-2ubuntu2) ...
Selecting previously unselected package libjpeg8:amd64.
Preparing to unpack .../62-libjpeg8_8c-2ubuntu11_amd64.deb ...
Unpacking libjpeg8:amd64 (8c-2ubuntu11) ...
Selecting previously unselected package libdeflate0:amd64.
Preparing to unpack .../63-libdeflate0_1.19-1build1.1_amd64.deb ...
Unpacking libdeflate0:amd64 (1.19-1build1.1) ...
Selecting previously unselected package libjbig0:amd64.
Preparing to unpack .../64-libjbig0_2.1-6.1ubuntu2_amd64.deb ...
Unpacking libjbig0:amd64 (2.1-6.1ubuntu2) ...
Selecting previously unselected package liblerc4:amd64.
Preparing to unpack .../65-liblerc4_4.0.0+ds-4ubuntu2_amd64.deb ...
Unpacking liblerc4:amd64 (4.0.0+ds-4ubuntu2) ...
Selecting previously unselected package libwebp7:amd64.
Preparing to unpack .../66-libwebp7_1.3.2-0.4build3_amd64.deb ...
Unpacking libwebp7:amd64 (1.3.2-0.4build3) ...
Selecting previously unselected package libtiff6:amd64.
Preparing to unpack .../67-libtiff6_4.5.1+git230720-4ubuntu2.5_amd64.deb ...
Unpacking libtiff6:amd64 (4.5.1+git230720-4ubuntu2.5) ...
Selecting previously unselected package libxpm4:amd64.
Preparing to unpack .../68-libxpm4_1%3a3.5.17-1ubuntu0.24.04.1_amd64.deb ...
Unpacking libxpm4:amd64 (1:3.5.17-1ubuntu0.24.04.1) ...
Selecting previously unselected package libgd3:amd64.
Preparing to unpack .../69-libgd3_2.3.3-9ubuntu5_amd64.deb ...
Unpacking libgd3:amd64 (2.3.3-9ubuntu5) ...
Selecting previously unselected package libc-devtools.
Preparing to unpack .../70-libc-devtools_2.39-0ubuntu8.8_amd64.deb ...
Unpacking libc-devtools (2.39-0ubuntu8.8) ...
Selecting previously unselected package libexpat1-dev:amd64.
Preparing to unpack .../71-libexpat1-dev_2.6.1-2ubuntu0.4_amd64.deb ...
Unpacking libexpat1-dev:amd64 (2.6.1-2ubuntu0.4) ...
Selecting previously unselected package libfile-fcntllock-perl.
Preparing to unpack .../72-libfile-fcntllock-perl_0.22-4ubuntu5_amd64.deb ...
Unpacking libfile-fcntllock-perl (0.22-4ubuntu5) ...
Selecting previously unselected package libheif-plugin-aomenc:amd64.
Preparing to unpack .../73-libheif-plugin-aomenc_1.17.6-1ubuntu4.7_amd64.deb ...
Unpacking libheif-plugin-aomenc:amd64 (1.17.6-1ubuntu4.7) ...
Selecting previously unselected package libjs-jquery.
Preparing to unpack .../74-libjs-jquery_3.6.1+dfsg+~3.5.14-1_all.deb ...
Unpacking libjs-jquery (3.6.1+dfsg+~3.5.14-1) ...
Selecting previously unselected package libjs-underscore.
Preparing to unpack .../75-libjs-underscore_1.13.4~dfsg+~1.11.4-3_all.deb ...
Unpacking libjs-underscore (1.13.4~dfsg+~1.11.4-3) ...
Selecting previously unselected package libjs-sphinxdoc.
Preparing to unpack .../76-libjs-sphinxdoc_7.2.6-6_all.deb ...
Unpacking libjs-sphinxdoc (7.2.6-6) ...
Selecting previously unselected package zlib1g-dev:amd64.
Preparing to unpack .../77-zlib1g-dev_1%3a1.3.dfsg-3.1ubuntu2.1_amd64.deb ...
Unpacking zlib1g-dev:amd64 (1:1.3.dfsg-3.1ubuntu2.1) ...
Selecting previously unselected package libpython3.12-dev:amd64.
Preparing to unpack .../78-libpython3.12-dev_3.12.3-1ubuntu0.15_amd64.deb ...
Unpacking libpython3.12-dev:amd64 (3.12.3-1ubuntu0.15) ...
Selecting previously unselected package libpython3-dev:amd64.
Preparing to unpack .../79-libpython3-dev_3.12.3-0ubuntu2.1_amd64.deb ...
Unpacking libpython3-dev:amd64 (3.12.3-0ubuntu2.1) ...
Preparing to unpack .../80-linux-tools-common_6.8.0-138.138_all.deb ...
Unpacking linux-tools-common (6.8.0-138.138) over (6.8.0-134.134) ...
Selecting previously unselected package linuxptp.
Preparing to unpack .../81-linuxptp_4.0-1ubuntu1.1_amd64.deb ...
Unpacking linuxptp (4.0-1ubuntu1.1) ...
Selecting previously unselected package manpages-dev.
Preparing to unpack .../82-manpages-dev_6.7-2_all.deb ...
Unpacking manpages-dev (6.7-2) ...
Selecting previously unselected package python3.12-dev.
Preparing to unpack .../83-python3.12-dev_3.12.3-1ubuntu0.15_amd64.deb ...
Unpacking python3.12-dev (3.12.3-1ubuntu0.15) ...
Selecting previously unselected package python3-dev.
Preparing to unpack .../84-python3-dev_3.12.3-0ubuntu2.1_amd64.deb ...
Unpacking python3-dev (3.12.3-0ubuntu2.1) ...
Selecting previously unselected package python3-wheel.
Preparing to unpack .../85-python3-wheel_0.42.0-2_all.deb ...
Unpacking python3-wheel (0.42.0-2) ...
Selecting previously unselected package python3-pip.
Preparing to unpack .../86-python3-pip_24.0+dfsg-1ubuntu1.3_all.deb ...
Unpacking python3-pip (24.0+dfsg-1ubuntu1.3) ...
Setting up javascript-common (11+nmu1) ...
Setting up libsharpyuv0:amd64 (1.3.2-0.4build3) ...
Setting up libaom3:amd64 (3.8.2-2ubuntu0.1) ...
Setting up manpages-dev (6.7-2) ...
Setting up lto-disabled-list (47) ...
Setting up liblerc4:amd64 (4.0.0+ds-4ubuntu2) ...
Setting up libxpm4:amd64 (1:3.5.17-1ubuntu0.24.04.1) ...
Setting up libfile-fcntllock-perl (0.22-4ubuntu5) ...
Setting up libalgorithm-diff-perl (1.201-1) ...
Setting up binutils-common:amd64 (2.42-4ubuntu2.10) ...
Setting up libdeflate0:amd64 (1.19-1build1.1) ...
Setting up linux-libc-dev:amd64 (6.8.0-138.138) ...
Setting up libctf-nobfd0:amd64 (2.42-4ubuntu2.10) ...
Setting up libgomp1:amd64 (14.2.0-4ubuntu2~24.04.1) ...
Setting up bzip2 (1.0.8-5.1build0.1) ...
Setting up locales (2.39-0ubuntu8.8) ...
Generating locales (this might take a while)...
  en_US.UTF-8... done
Generation complete.
Setting up python3-wheel (0.42.0-2) ...
Setting up libjbig0:amd64 (2.1-6.1ubuntu2) ...
Setting up libsframe1:amd64 (2.42-4ubuntu2.10) ...
Setting up libfakeroot:amd64 (1.33-1) ...
Setting up fakeroot (1.33-1) ...
update-alternatives: using /usr/bin/fakeroot-sysv to provide /usr/bin/fakeroot (fakeroot) in auto mode
Setting up rpcsvc-proto (1.4.2-0ubuntu7) ...
Setting up gcc-13-base:amd64 (13.3.0-6ubuntu2~24.04.1) ...
Setting up make (4.3-4.1build2) ...
Setting up libquadmath0:amd64 (14.2.0-4ubuntu2~24.04.1) ...
Setting up fonts-dejavu-mono (2.37-8) ...
Setting up libmpc3:amd64 (1.3.1-1build1.1) ...
Setting up libatomic1:amd64 (14.2.0-4ubuntu2~24.04.1) ...
Setting up fonts-dejavu-core (2.37-8) ...
Setting up python3-pip (24.0+dfsg-1ubuntu1.3) ...
Setting up libjpeg-turbo8:amd64 (2.1.5-2ubuntu2) ...
Setting up libdpkg-perl (1.22.6ubuntu6.6) ...
Setting up libwebp7:amd64 (1.3.2-0.4build3) ...
Setting up libubsan1:amd64 (14.2.0-4ubuntu2~24.04.1) ...
Setting up libhwasan0:amd64 (14.2.0-4ubuntu2~24.04.1) ...
Setting up libcrypt-dev:amd64 (1:4.4.36-4build1) ...
Setting up libasan8:amd64 (14.2.0-4ubuntu2~24.04.1) ...
Setting up libtsan2:amd64 (14.2.0-4ubuntu2~24.04.1) ...
Setting up libjs-jquery (3.6.1+dfsg+~3.5.14-1) ...
Setting up libbinutils:amd64 (2.42-4ubuntu2.10) ...
Setting up libisl23:amd64 (0.26-3build1.1) ...
Setting up libc-dev-bin (2.39-0ubuntu8.8) ...
Setting up linux-tools-common (6.8.0-138.138) ...
Setting up libalgorithm-diff-xs-perl:amd64 (0.04-8build3) ...
Setting up libcc1-0:amd64 (14.2.0-4ubuntu2~24.04.1) ...
Setting up liblsan0:amd64 (14.2.0-4ubuntu2~24.04.1) ...
Setting up libitm1:amd64 (14.2.0-4ubuntu2~24.04.1) ...
Setting up linuxptp (4.0-1ubuntu1.1) ...
Setting up libjs-underscore (1.13.4~dfsg+~1.11.4-3) ...
Setting up libalgorithm-merge-perl (0.08-5) ...
Setting up libctf0:amd64 (2.42-4ubuntu2.10) ...
Setting up libjpeg8:amd64 (8c-2ubuntu11) ...
Setting up cpp-13-x86-64-linux-gnu (13.3.0-6ubuntu2~24.04.1) ...
Setting up fontconfig-config (2.15.0-1.1ubuntu2) ...
Setting up libgprofng0:amd64 (2.42-4ubuntu2.10) ...
Setting up libjs-sphinxdoc (7.2.6-6) ...
Setting up libgcc-13-dev:amd64 (13.3.0-6ubuntu2~24.04.1) ...
Setting up libtiff6:amd64 (4.5.1+git230720-4ubuntu2.5) ...
Setting up libc6-dev:amd64 (2.39-0ubuntu8.8) ...
Setting up libstdc++-13-dev:amd64 (13.3.0-6ubuntu2~24.04.1) ...
Setting up binutils-x86-64-linux-gnu (2.42-4ubuntu2.10) ...
Setting up cpp-x86-64-linux-gnu (4:13.2.0-7ubuntu1) ...
Setting up cpp-13 (13.3.0-6ubuntu2~24.04.1) ...
Setting up gcc-13-x86-64-linux-gnu (13.3.0-6ubuntu2~24.04.1) ...
Setting up binutils (2.42-4ubuntu2.10) ...
Setting up dpkg-dev (1.22.6ubuntu6.6) ...
Setting up libexpat1-dev:amd64 (2.6.1-2ubuntu0.4) ...
Setting up gcc-13 (13.3.0-6ubuntu2~24.04.1) ...
Setting up zlib1g-dev:amd64 (1:1.3.dfsg-3.1ubuntu2.1) ...
Setting up cpp (4:13.2.0-7ubuntu1) ...
Setting up g++-13-x86-64-linux-gnu (13.3.0-6ubuntu2~24.04.1) ...
Setting up gcc-x86-64-linux-gnu (4:13.2.0-7ubuntu1) ...
Setting up libpython3.12-dev:amd64 (3.12.3-1ubuntu0.15) ...
Setting up gcc (4:13.2.0-7ubuntu1) ...
Setting up python3.12-dev (3.12.3-1ubuntu0.15) ...
Setting up g++-x86-64-linux-gnu (4:13.2.0-7ubuntu1) ...
Setting up g++-13 (13.3.0-6ubuntu2~24.04.1) ...
Setting up libpython3-dev:amd64 (3.12.3-0ubuntu2.1) ...
Setting up python3-dev (3.12.3-0ubuntu2.1) ...
Setting up g++ (4:13.2.0-7ubuntu1) ...
update-alternatives: using /usr/bin/g++ to provide /usr/bin/c++ (c++) in auto mode
Setting up build-essential (12.10ubuntu1) ...
Setting up libheif-plugin-aomdec:amd64 (1.17.6-1ubuntu4.7) ...
Setting up libheif1:amd64 (1.17.6-1ubuntu4.7) ...
Setting up libheif-plugin-aomenc:amd64 (1.17.6-1ubuntu4.7) ...
Processing triggers for libc-bin (2.39-0ubuntu8.8) ...
Processing triggers for man-db (2.12.0-4build2) ...
Processing triggers for sgml-base (1.31) ...
Setting up libfontconfig1:amd64 (2.15.0-1.1ubuntu2) ...
Setting up libgd3:amd64 (2.3.3-9ubuntu5) ...
Setting up libc-devtools (2.39-0ubuntu8.8) ...
Processing triggers for libc-bin (2.39-0ubuntu8.8) ...

Running kernel seems to be up-to-date.

Restarting services...
 systemctl restart acpid.service chrony.service cron.service irqbalance.service multipathd.service packagekit.service polkit.service rsyslog.service ssh.service systemd-journald.service systemd-networkd.service systemd-resolved.service systemd-udevd.service udisks2.service

Service restarts being deferred:
 systemctl restart ModemManager.service
 /etc/needrestart/restart.d/dbus.service
 systemctl restart getty@tty1.service
 systemctl restart networkd-dispatcher.service
 systemctl restart serial-getty@ttyS0.service
 systemctl restart systemd-logind.service
 systemctl restart unattended-upgrades.service

No containers need to be restarted.

User sessions running outdated binaries:
 ubuntu @ session #6: sshd[1470,1543]
 ubuntu @ user manager service: systemd[1475]

No VM guests are running outdated hypervisor (qemu) binaries on this host.
net.core.rmem_max = 67108864
net.core.wmem_max = 67108864
net.core.netdev_max_backlog = 250000
Sourcing file `/etc/default/grub'
Sourcing file `/etc/default/grub.d/40-force-partuuid.cfg'
Sourcing file `/etc/default/grub.d/50-cloudimg-settings.cfg'
Generating grub configuration file ...
GRUB_FORCE_PARTUUID is set, will attempt initrdless boot
Found linux image: /boot/vmlinuz-6.17.0-1019-aws
Found initrd image: /boot/microcode.cpio /boot/initrd.img-6.17.0-1019-aws
Warning: os-prober will not be executed to detect other bootable partitions.
Systems on them will not be added to the GRUB boot configuration.
Check GRUB_DISABLE_OS_PROBER documentation entry.
Adding boot menu entry for UEFI Firmware Settings ...
done

Script done on 2026-08-24 09:33:01+00:00 [COMMAND_EXIT_CODE="0"]
