Script started on 2026-08-24 09:33:33+00:00 [COMMAND="ssh -i /home/midhilesh/.ssh/spectral-key.pem -o BatchMode=yes -o UserKnownHostsFile=/tmp/session2_known_hosts ubuntu@3.87.156.180 'hostname; cat /proc/cmdline; lscpu -e; cat /sys/devices/system/cpu/smt/control; cat task/env/session2/thread_sibling_choice.txt; cat task/env/session2/irq_housekeeping_choice.txt; chronyc sources -v; chronyc tracking; grep -R -E ^server /etc/chrony /etc/chrony.conf 2>/dev/null'" <not executed on terminal>]
ip-172-31-47-95
BOOT_IMAGE=/vmlinuz-6.17.0-1019-aws root=PARTUUID=b6646204-dd62-48b5-921b-feb019fb9c2c ro nosmt isolcpus=1,2 nohz_full=1,2 rcu_nocbs=1,2 console=tty1 console=ttyS0 nvme_core.io_timeout=4294967295 panic=-1
CPU NODE SOCKET CORE L1d:L1i:L2:L3 ONLINE
  0    0      0    0 0:0:0:0          yes
  1    0      0    1 1:1:1:0          yes
  2    0      0    2 2:2:2:0          yes
  3    0      0    3 3:3:3:0          yes
notsupported
map=0:0;1:1;2:2;3:3
chosen=1,2
smt_path=nosmt
0

  .-- Source mode  '^' = server, '=' = peer, '#' = local clock.
 / .- Source state '*' = current best, '+' = combined, '-' = not combined,
| /             'x' = may be in error, '~' = too variable, '?' = unusable.
||                                                 .- xxxx [ yyyy ] +/- zzzz
||      Reachability register (octal) -.           |  xxxx = adjusted offset,
||      Log2(Polling interval) --.      |          |  yyyy = measured offset,
||                                \     |          |  zzzz = estimated error.
||                                 |    |           \
MS Name/IP address         Stratum Poll Reach LastRx Last sample
===============================================================================
^* 169.254.169.123               1   4    77     5   -869ns[  -23us] +/-   79us
^- prod-ntp-4.ntp4.ps5.cano>     2   6    17    38  -1663us[-1670us] +/-   45ms
^- prod-ntp-3.ntp4.ps5.cano>     2   6    17    38  -2008us[-2015us] +/-   45ms
^- alphyn.canonical.com          2   6    17    38  +1438us[+1431us] +/-   30ms
^- prod-ntp-5.ntp4.ps5.cano>     2   6    17    37  -2203us[-2210us] +/-   44ms
^- k8s-15-public.as53546.tb>     2   6    17    37  -1675us[-1682us] +/-   27ms
^- ntp.maxhost.io                2   6    17    37   -458us[ -465us] +/-   53ms
^- ntp.maxhost.io                2   6    17    38   -422us[ -429us] +/-   53ms
^- 108.61.73.243                 2   6    17    37   +221us[ +214us] +/-   26ms
Reference ID    : A9FEA97B (169.254.169.123)
Stratum         : 2
Ref time (UTC)  : Mon Aug 24 09:33:33 2026
System time     : 0.000009635 seconds slow of NTP time
Last offset     : -0.000021743 seconds
RMS offset      : 0.000012766 seconds
Frequency       : 6.167 ppm slow
Residual freq   : -0.181 ppm
Skew            : 0.159 ppm
Root delay      : 0.000118927 seconds
Root dispersion : 0.000034091 seconds
Update interval : 16.3 seconds
Leap status     : Normal
/etc/chrony/conf.d/00-cpc.conf:server 169.254.169.123 prefer iburst minpoll 4 maxpoll 4

Script done on 2026-08-24 09:33:36+00:00 [COMMAND_EXIT_CODE="2"]
Script started on 2026-08-24 09:33:37+00:00 [COMMAND="ssh -i /home/midhilesh/.ssh/spectral-key.pem -o BatchMode=yes -o UserKnownHostsFile=/tmp/session2_known_hosts ubuntu@54.91.135.23 'hostname; cat /proc/cmdline; lscpu -e; cat /sys/devices/system/cpu/smt/control; cat task/env/session2/thread_sibling_choice.txt; cat task/env/session2/irq_housekeeping_choice.txt; chronyc sources -v; chronyc tracking; grep -R -E ^server /etc/chrony /etc/chrony.conf 2>/dev/null'" <not executed on terminal>]
ip-172-31-40-167
BOOT_IMAGE=/vmlinuz-6.17.0-1019-aws root=PARTUUID=b6646204-dd62-48b5-921b-feb019fb9c2c ro nosmt isolcpus=1,2 nohz_full=1,2 rcu_nocbs=1,2 console=tty1 console=ttyS0 nvme_core.io_timeout=4294967295 panic=-1
CPU NODE SOCKET CORE L1d:L1i:L2:L3 ONLINE
  0    0      0    0 0:0:0:0          yes
  1    0      0    1 1:1:1:0          yes
  2    0      0    2 2:2:2:0          yes
  3    0      0    3 3:3:3:0          yes
notsupported
map=0:0;1:1;2:2;3:3
chosen=1,2
smt_path=nosmt
0

  .-- Source mode  '^' = server, '=' = peer, '#' = local clock.
 / .- Source state '*' = current best, '+' = combined, '-' = not combined,
| /             'x' = may be in error, '~' = too variable, '?' = unusable.
||                                                 .- xxxx [ yyyy ] +/- zzzz
||      Reachability register (octal) -.           |  xxxx = adjusted offset,
||      Log2(Polling interval) --.      |          |  yyyy = measured offset,
||                                \     |          |  zzzz = estimated error.
||                                 |    |           \
MS Name/IP address         Stratum Poll Reach LastRx Last sample
===============================================================================
^* 169.254.169.123               1   4    17    15   +204ns[ +504ns] +/-   79us
^- alphyn.canonical.com          2   6    17    14  +1406us[+1406us] +/-   30ms
^- prod-ntp-4.ntp1.ps5.cano>     2   6    17    13  -2716us[-2716us] +/-   44ms
^- prod-ntp-5.ntp4.ps5.cano>     2   6    17    13  +2419us[+2419us] +/-   49ms
^- prod-ntp-3.ntp4.ps5.cano>     2   6    17    14  +1713us[+1713us] +/-   49ms
^- 192.207.55.254                1   6    17    14   -475us[ -475us] +/-   19ms
^- ip216-250-115-174.pbiaas>     2   6    17    13  +6714us[+6714us] +/-  123ms
^- 23-93-251-54.dedicated.s>     1   6    17    14  +5734ns[+5734ns] +/-  135ms
^- 136-55-43-142.googlefibe>     2   6    17    14   +611us[ +611us] +/- 9595us
Reference ID    : A9FEA97B (169.254.169.123)
Stratum         : 2
Ref time (UTC)  : Mon Aug 24 09:33:26 2026
System time     : 0.000000000 seconds slow of NTP time
Last offset     : +0.000000300 seconds
RMS offset      : 0.000000300 seconds
Frequency       : 12.180 ppm slow
Residual freq   : +0.094 ppm
Skew            : 0.065 ppm
Root delay      : 0.000118960 seconds
Root dispersion : 0.000038152 seconds
Update interval : 0.3 seconds
Leap status     : Normal
/etc/chrony/conf.d/00-cpc.conf:server 169.254.169.123 prefer iburst minpoll 4 maxpoll 4

Script done on 2026-08-24 09:33:40+00:00 [COMMAND_EXIT_CODE="2"]
