Script started on 2026-08-24 09:36:31+00:00 [COMMAND="ssh -i /home/midhilesh/.ssh/spectral-key.pem -o BatchMode=yes -o UserKnownHostsFile=/tmp/session2_known_hosts ubuntu@3.87.156.180 'cat /etc/chrony/conf.d/00-cpc.conf; chronyc tracking; chronyc sources -v'" <not executed on terminal>]
server 169.254.169.123 prefer iburst minpoll 0 maxpoll 0
Reference ID    : A9FEA97B (169.254.169.123)
Stratum         : 2
Ref time (UTC)  : Mon Aug 24 09:36:34 2026
System time     : 0.000001101 seconds fast of NTP time
Last offset     : +0.000000839 seconds
RMS offset      : 0.000001163 seconds
Frequency       : 6.223 ppm slow
Residual freq   : +0.012 ppm
Skew            : 0.620 ppm
Root delay      : 0.000093120 seconds
Root dispersion : 0.000029262 seconds
Update interval : 1.0 seconds
Leap status     : Normal

  .-- Source mode  '^' = server, '=' = peer, '#' = local clock.
 / .- Source state '*' = current best, '+' = combined, '-' = not combined,
| /             'x' = may be in error, '~' = too variable, '?' = unusable.
||                                                 .- xxxx [ yyyy ] +/- zzzz
||      Reachability register (octal) -.           |  xxxx = adjusted offset,
||      Log2(Polling interval) --.      |          |  yyyy = measured offset,
||                                \     |          |  zzzz = estimated error.
||                                 |    |           \
MS Name/IP address         Stratum Poll Reach LastRx Last sample
===============================================================================
^* 169.254.169.123               1   0   377     1  +5316ns[+6155ns] +/-   88us
^- prod-ntp-4.ntp4.ps5.cano>     2   6    17    18  -1892us[-1889us] +/-   45ms
^- prod-ntp-3.ntp1.ps5.cano>     2   6    17    19  -2461us[-2457us] +/-   44ms
^- alphyn.canonical.com          2   6    17    19   +999us[+1002us] +/-   29ms
^- prod-ntp-5.ntp1.ps5.cano>     2   6    17    17  -1504us[-1507us] +/-   45ms
^- 108.61.215.221.vultruser>     2   6    17    18   -429us[ -426us] +/-   20ms
^- eiger.elwaministries.org      3   6    17    19   -213us[ -209us] +/-   73ms
^- rn-02.koehn.com               2   6    17    19   +618us[ +621us] +/- 8408us
^- c540ab0ef3.dorkhost.com       2   6    17    18  -1057us[-1054us] +/- 7946us

Script done on 2026-08-24 09:36:33+00:00 [COMMAND_EXIT_CODE="0"]
Script started on 2026-08-24 09:36:33+00:00 [COMMAND="ssh -i /home/midhilesh/.ssh/spectral-key.pem -o BatchMode=yes -o UserKnownHostsFile=/tmp/session2_known_hosts ubuntu@54.91.135.23 'cat /etc/chrony/conf.d/00-cpc.conf; chronyc tracking; chronyc sources -v'" <not executed on terminal>]
server 169.254.169.123 prefer iburst minpoll 0 maxpoll 0
Reference ID    : A9FEA97B (169.254.169.123)
Stratum         : 2
Ref time (UTC)  : Mon Aug 24 09:36:38 2026
System time     : 0.000003395 seconds fast of NTP time
Last offset     : +0.000002907 seconds
RMS offset      : 0.000001795 seconds
Frequency       : 12.690 ppm slow
Residual freq   : +0.056 ppm
Skew            : 0.927 ppm
Root delay      : 0.000084613 seconds
Root dispersion : 0.000021258 seconds
Update interval : 1.0 seconds
Leap status     : Normal

  .-- Source mode  '^' = server, '=' = peer, '#' = local clock.
 / .- Source state '*' = current best, '+' = combined, '-' = not combined,
| /             'x' = may be in error, '~' = too variable, '?' = unusable.
||                                                 .- xxxx [ yyyy ] +/- zzzz
||      Reachability register (octal) -.           |  xxxx = adjusted offset,
||      Log2(Polling interval) --.      |          |  yyyy = measured offset,
||                                \     |          |  zzzz = estimated error.
||                                 |    |           \
MS Name/IP address         Stratum Poll Reach LastRx Last sample
===============================================================================
^* 169.254.169.123               1   0   377     0  +2687ns[+5594ns] +/-   61us
^- prod-ntp-3.ntp4.ps5.cano>     2   6    17    17  +1755us[+1759us] +/-   49ms
^- alphyn.canonical.com          2   6    17    19  +1188us[+1193us] +/-   30ms
^- prod-ntp-5.ntp1.ps5.cano>     2   6    17    18  +2347us[+2351us] +/-   49ms
^- prod-ntp-4.ntp1.ps5.cano>     2   6    17    18   -969us[ -965us] +/-   46ms
^- ntp.maxhost.io                2   6    17    19   -353us[ -348us] +/-   54ms
^- y.ns.gin.ntt.net              2   6    17    19   +433us[ +437us] +/-   47ms
^- 23-93-251-54.dedicated.s>     1   6    17    18   +525ns[+5151ns] +/-  139ms
^- t1.time.bf1.yahoo.com         2   6    17    19    -66us[  -61us] +/- 9353us

Script done on 2026-08-24 09:36:36+00:00 [COMMAND_EXIT_CODE="0"]
