topology=producer+sender+consumer on TX; UDP echo receiver on RX
clock_method=same_clock_rtt_half
payload=mixed, worst_datagram_bytes=595
warmup=100000

rate=20000 count=3000000
raw_rtt_ns min=39491 mean=304392 max=4980277 p01=86611 p50=304343 p99=517624 p99.9=544214 p99.99=559354
sender sent=3100000 echoed=3100000 lapped=0
receiver received=3100000 echoed=3100000
consumer received=3000000 dropped=0 lapped=0
source=benchmark/results/session2_sweep_20k_3m_retry

rate=100000 count=3000000
raw_rtt_ns min=36640 mean=186434 max=4742833 p01=62410 p50=174840 p99=344952 p99.9=360662 p99.99=2296545
sender sent=3100000 echoed=3100000 lapped=0
receiver received=3100000 echoed=3100000
consumer received=3000000 dropped=0 lapped=0
source=benchmark/results/session2_sweep_100k_3m

rate=500000 count=3000000
raw_rtt_ns min=47410 mean=245947 max=4904848 p01=68091 p50=237201 p99=427563 p99.9=3359896 p99.99=4558376
sender sent=3100000 echoed=3100000 lapped=0
receiver received=3100000 echoed=3100000
consumer received=3000000 dropped=0 lapped=0
one_way_bins_us <=50=4.126400% 50-100=28.942633% 100-200=64.431133% 200-500=2.143900% 500-1000=0.156300% 1000-2000=0.146533% >2000=0.053100%
one_way_over_1ms samples=5989 contiguous_runs=5 longest_run_seq=2096987-2102705 longest_run_samples=5719
source=benchmark/results/session2_sweep_500k_3m

rate=1000000 requested_count=300000 diagnostic_only=true
raw_rtt_ns min=99321 mean=60328127 max=105556615 p01=12087215 p50=65678353 p99=103984014 p99.9=105362633 p99.99=105542905
producer sent=320000
sender sent=265195 echoed=265195 lapped=13081
receiver received=265195 echoed=265195
consumer received=245195 expected=300000 dropped=54805 drop_rate=18.2683%
source=benchmark/results/session2_diag_postiso_1m_failed
