topology=same-host loopback shared clock
host_instance_type=m8a.2xlarge
rate=100000
count=3000000
warmup=0
cpu_producer=1
cpu_sender=2
cpu_receiver=3
cpu_consumer=0
limitation=CPU 0 also handled housekeeping and NIC interrupts

revision=5dc3d3c
latency_ns min=1090 mean=36714 max=43794014 p01=1160 p50=1380 p99=1770 p99.9=16575476 p99.99=41232917
receiver received=3000000 published=3000000
consumer received=3000000 dropped=0 lapped=0
source=benchmark/results/session2_ab_base_100k

revision=d53e461
latency_ns min=1220 mean=37952 max=44015888 p01=1310 p50=1540 p99=1970 p99.9=16974452 p99.99=41404965
receiver received=3000000 published=3000000
consumer received=3000000 dropped=0 lapped=0
source=benchmark/results/session2_ab_head_100k
