command: aws ec2 terminate-instances --instance-ids i-048926a1afd8d25ac i-059f31f1084a159e6 --region us-east-1
{
    "TerminatingInstances": [
        {
            "InstanceId": "i-048926a1afd8d25ac",
            "CurrentState": {
                "Code": 32,
                "Name": "shutting-down"
            },
            "PreviousState": {
                "Code": 16,
                "Name": "running"
            }
        },
        {
            "InstanceId": "i-059f31f1084a159e6",
            "CurrentState": {
                "Code": 32,
                "Name": "shutting-down"
            },
            "PreviousState": {
                "Code": 16,
                "Name": "running"
            }
        }
    ]
}

command: aws ec2 wait instance-terminated --instance-ids i-048926a1afd8d25ac i-059f31f1084a159e6 --region us-east-1
wait_exit_code: 0

command: aws ec2 describe-instances --filters "Name=instance-state-name,Values=pending,running,stopping,stopped" --query Reservations[].Instances[].InstanceId --region us-east-1
[]

command: aws ec2 describe-volumes --filters "Name=status,Values=available,in-use" --query Volumes[].VolumeId --region us-east-1
[]

command: aws ec2 describe-addresses --query Addresses[].AllocationId --region us-east-1
[]

command: aws ec2 describe-security-groups --filters "Name=group-name,Values=spectral*" --query SecurityGroups[].GroupId --region us-east-1
[
    "sg-02aee0ac1bfe22eba"
]

command: aws ec2 delete-security-group --group-id sg-02aee0ac1bfe22eba --region us-east-1
{
    "Return": true,
    "GroupId": "sg-02aee0ac1bfe22eba"
}
delete_sg_exit_code: 0

command: aws ec2 describe-security-groups --filters "Name=group-name,Values=spectral*" --query SecurityGroups[].GroupId --region us-east-1
[]

command: aws ec2 describe-placement-groups --group-names spectral-ec2-pass-cluster --region us-east-1 --query PlacementGroups[].{Name:GroupName,Id:GroupId,Strategy:Strategy}
[
    {
        "Name": "spectral-ec2-pass-cluster",
        "Id": "pg-0dc67b835fdc4fc8c",
        "Strategy": "cluster"
    }
]
