region=us-east-1
availability_zone=us-east-1d
placement_group=cluster_placement_group
placement_group_strategy=cluster
instance_type=m7i.4xlarge
tx_instance=i-07dbc0089a353f057
rx_instance=i-0c92528057330712e
launch_time=2026-08-24T11:16:32Z
cpu_options_core_count=8
cpu_options_threads_per_core=1
cpu_model=Intel(R) Xeon(R) Platinum 8488C
kernel=6.17.0-1019-aws
nic=enp39s0
nic_driver=ena
nic_driver_version=6.17.0-1019-aws
mtu=9001
smt_control=notsupported
boot_command_line=nosmt isolcpus=1,2,3,4,5,6 nohz_full=1,2,3,4,5,6 rcu_nocbs=1,2,3,4,5,6
housekeeping_cpus=0,7
isolated_cpus=1,2,3,4,5,6
ena_adaptive_rx=on
ena_rx_usecs=20
ena_tx_usecs=64

pipeline_tx_roles=producer:1,forward_sender:2,return_receiver:3,consumer:4
pipeline_rx_roles=forward_receiver:1,relay:2,return_sender:3
fanout_tx_roles=producer:1,sender:2
fanout_rx_roles=receiver_1:1,consumer_1:2,receiver_2:3,consumer_2:4,receiver_3:5,consumer_3:6

Both instances reported eight online CPUs, eight cores, one thread per core, and one NUMA node.
The physical-core preflight accepted every retained run and rejected duplicate physical-core assignments in its regression test.
